Archive member included to satisfy reference by file (symbol)

C:/devkitPro/libctru/lib\libcitro2d.a(base.o)
                              3dux.o (C2D_Init)
C:/devkitPro/libctru/lib\libcitro2d.a(render2d.shbin.o)
                              C:/devkitPro/libctru/lib\libcitro2d.a(base.o) (render2d_shbin)
C:/devkitPro/libctru/lib\libcitro3d.a(base.o)
                              3dux.o (C3D_Init)
C:/devkitPro/libctru/lib\libcitro3d.a(renderqueue.o)
                              C:/devkitPro/libctru/lib\libcitro3d.a(base.o) (C3Di_RenderQueueEnableVBlank)
C:/devkitPro/libctru/lib\libcitro3d.a(texture.o)
                              C:/devkitPro/libctru/lib\libcitro2d.a(base.o) (C3D_TexBind)
C:/devkitPro/libctru/lib\libcitro3d.a(framebuffer.o)
                              C:/devkitPro/libctru/lib\libcitro3d.a(renderqueue.o) (C3D_CalcColorBufSize)
C:/devkitPro/libctru/lib\libcitro3d.a(texenv.o)
                              C:/devkitPro/libctru/lib\libcitro2d.a(base.o) (C3D_GetTexEnv)
C:/devkitPro/libctru/lib\libcitro3d.a(drawElements.o)
                              C:/devkitPro/libctru/lib\libcitro2d.a(base.o) (C3D_DrawElements)
C:/devkitPro/libctru/lib\libcitro3d.a(proctex.o)
                              C:/devkitPro/libctru/lib\libcitro2d.a(base.o) (C3D_ProcTexInit)
C:/devkitPro/libctru/lib\libcitro3d.a(buffers.o)
                              C:/devkitPro/libctru/lib\libcitro2d.a(base.o) (BufInfo_Init)
C:/devkitPro/libctru/lib\libcitro3d.a(effect.o)
                              C:/devkitPro/libctru/lib\libcitro3d.a(base.o) (C3D_DepthMap)
C:/devkitPro/libctru/lib\libcitro3d.a(attribs.o)
                              C:/devkitPro/libctru/lib\libcitro2d.a(base.o) (AttrInfo_Init)
C:/devkitPro/libctru/lib\libcitro3d.a(immediate.o)
                              C:/devkitPro/libctru/lib\libcitro3d.a(base.o) (C3D_ImmSendAttrib)
C:/devkitPro/libctru/lib\libcitro3d.a(uniforms.o)
                              C:/devkitPro/libctru/lib\libcitro3d.a(base.o) (C3D_UpdateUniforms)
C:/devkitPro/libctru/lib\libcitro3d.a(mtx_ortho.o)
                              C:/devkitPro/libctru/lib\libcitro2d.a(base.o) (Mtx_Ortho)
C:/devkitPro/libctru/lib\libcitro3d.a(mtx_scale.o)
                              C:/devkitPro/libctru/lib\libcitro2d.a(base.o) (Mtx_Scale)
C:/devkitPro/libctru/lib\libcitro3d.a(mtx_multiply.o)
                              C:/devkitPro/libctru/lib\libcitro2d.a(base.o) (Mtx_Multiply)
C:/devkitPro/libctru/lib\libcitro3d.a(mtx_orthotilt.o)
                              C:/devkitPro/libctru/lib\libcitro2d.a(base.o) (Mtx_OrthoTilt)
C:/devkitPro/libctru/lib\libcitro3d.a(mtx_translate.o)
                              C:/devkitPro/libctru/lib\libcitro2d.a(base.o) (Mtx_Translate)
C:/devkitPro/libctru/lib\libcitro3d.a(mtx_rotatez.o)
                              C:/devkitPro/libctru/lib\libcitro2d.a(base.o) (Mtx_RotateZ)
C:/devkitPro/libctru/lib\libctru.a(vram.o)
                              C:/devkitPro/libctru/lib\libcitro3d.a(renderqueue.o) (vramAlloc)
C:/devkitPro/libctru/lib\libctru.a(linear.o)
                              C:/devkitPro/libctru/lib\libcitro2d.a(base.o) (linearAlloc)
C:/devkitPro/libctru/lib\libctru.a(mem_pool.o)
                              C:/devkitPro/libctru/lib\libctru.a(vram.o) (MemPool::Allocate(MemChunk&, unsigned long, int))
C:/devkitPro/libctru/lib\libctru.a(os.o)
                              C:/devkitPro/libctru/lib\libcitro3d.a(texture.o) (osConvertVirtToPhys)
C:/devkitPro/libctru/lib\libctru.a(console.o)
                              3dux.o (consoleInit)
C:/devkitPro/libctru/lib\libctru.a(gfx.o)
                              C:/devkitPro/libctru/lib\libcitro2d.a(base.o) (gfxIsWide)
C:/devkitPro/libctru/lib\libctru.a(shaderProgram.o)
                              C:/devkitPro/libctru/lib\libcitro2d.a(base.o) (shaderInstanceGetUniformLocation)
C:/devkitPro/libctru/lib\libctru.a(shbin.o)
                              C:/devkitPro/libctru/lib\libcitro2d.a(base.o) (DVLB_ParseFile)
C:/devkitPro/libctru/lib\libctru.a(gx.o)
                              C:/devkitPro/libctru/lib\libcitro3d.a(renderqueue.o) (GX_BindQueue)
C:/devkitPro/libctru/lib\libctru.a(gxqueue.o)
                              C:/devkitPro/libctru/lib\libcitro3d.a(renderqueue.o) (gxCmdQueueClear)
C:/devkitPro/libctru/lib\libctru.a(gpu.o)
                              C:/devkitPro/libctru/lib\libcitro3d.a(base.o) (gpuCmdBufOffset)
C:/devkitPro/libctru/lib\libctru.a(gspgpu.o)
                              C:/devkitPro/libctru/lib\libctru.a(gfx.o) (gspInit)
C:/devkitPro/libctru/lib\libctru.a(apt.o)
                              C:/devkitPro/libctru/lib\libcitro3d.a(base.o) (aptHook)
C:/devkitPro/libctru/lib\libctru.a(hid.o)
                              3dux.o (hidScanInput)
C:/devkitPro/libctru/lib\libctru.a(ptmsysm.o)
                              C:/devkitPro/libctru/lib\libctru.a(os.o) (ptmSysmInit)
C:/devkitPro/libctru/lib\libctru.a(rbtree_init.o)
[...]
Memory Configuration

Name             Origin             Length             Attributes
*default*        0x0000000000000000 0xffffffffffffffff

Linker script and memory map

                0x0000000000100000                PROVIDE (__start__ = 0x100000)
                0x0000000000100000                . = __start__

.text           0x0000000000100000    0x260e0
 *(.crt0)
 .crt0          0x0000000000100000       0x94 c:/devkitpro/devkitarm/bin/../lib/gcc/arm-none-eabi/12.1.0/../../../../arm-none-eabi/lib/armv6k/fpu/3dsx_crt0.o
                0x0000000000100000                _start
                0x0000000000100008                __service_ptr
                0x000000000010000c                __apt_appid
                0x0000000000100010                __heap_size
                0x0000000000100014                __linear_heap_size
                0x0000000000100018                __system_arglist
                0x000000000010001c                __system_runflags
 *(.init)
 .init          0x0000000000100094        0xc c:/devkitpro/devkitarm/bin/../lib/gcc/arm-none-eabi/12.1.0/armv6k/fpu/crti.o
                0x0000000000100094                _init
 .init          0x00000000001000a0        0xc c:/devkitpro/devkitarm/bin/../lib/gcc/arm-none-eabi/12.1.0/armv6k/fpu/crtn.o
                0x00000000001000ac                . = ALIGN (0x4)
 *(.text)
 .text          0x00000000001000ac      0x240 c:/devkitpro/devkitarm/bin/../lib/gcc/arm-none-eabi/12.1.0/armv6k/fpu\libgcc.a(_divsi3.o)
                0x00000000001000ac                __divsi3
                0x00000000001000ac                __aeabi_idiv
                0x00000000001002cc                __aeabi_idivmod
 .text          0x00000000001002ec        0x4 c:/devkitpro/devkitarm/bin/../lib/gcc/arm-none-eabi/12.1.0/armv6k/fpu\libgcc.a(_dvmd_tls.o)
                0x00000000001002ec                __aeabi_idiv0
                0x00000000001002ec                __aeabi_ldiv0
 .text          0x00000000001002f0      0x3c0 c:/devkitpro/devkitarm/bin/../lib/gcc/arm-none-eabi/12.1.0/armv6k/fpu\libgcc.a(_arm_addsubdf3.o)
                0x00000000001002f0                __aeabi_drsub
                0x00000000001002f8                __aeabi_dsub
                0x00000000001002f8                __subdf3
                0x00000000001002fc                __aeabi_dadd
                0x00000000001002fc                __adddf3
                0x00000000001005a8                __floatunsidf
                0x00000000001005a8                __aeabi_ui2d
                0x00000000001005cc                __floatsidf
                0x00000000001005cc                __aeabi_i2d
                0x00000000001005f4                __aeabi_f2d
                0x00000000001005f4                __extendsfdf2
                0x000000000010063c                __floatundidf
                0x000000000010063c                __aeabi_ul2d
                0x0000000000100650                __floatdidf
                0x0000000000100650                __aeabi_l2d
 .text          0x00000000001006b0       0x3c c:/devkitpro/devkitarm/bin/../lib/gcc/arm-none-eabi/12.1.0/armv6k/fpu\libgcc.a(_aeabi_uldivmod.o)
                0x00000000001006b0                __aeabi_uldivmod
 *fill*         0x00000000001006ec       0x14 
 .text          0x0000000000100700      0x390 c:/devkitpro/devkitarm/bin/../lib/gcc/arm-none-eabi/12.1.0/../../../../arm-none-eabi/lib/armv6k/fpu\libg.a(lib_a-strcmp.o)
                0x0000000000100708                strcmp
 .text          0x0000000000100a90      0x20c c:/devkitpro/devkitarm/bin/../lib/gcc/arm-none-eabi/12.1.0/armv6k/fpu\libgcc.a(_udivsi3.o)
                0x0000000000100a90                __aeabi_uidiv
                0x0000000000100a90                __udivsi3
                0x0000000000100c7c                __aeabi_uidivmod
 *(.text.*)
 .text.__do_global_dtors_aux
                0x0000000000100c9c       0x40 c:/devkitpro/devkitarm/bin/../lib/gcc/arm-none-eabi/12.1.0/armv6k/fpu/crtbegin.o
 .text.frame_dummy
                0x0000000000100cdc       0x2c c:/devkitpro/devkitarm/bin/../lib/gcc/arm-none-eabi/12.1.0/armv6k/fpu/crtbegin.o
 .text.startup.main
                0x0000000000100d08      0x154 main.o
                0x0000000000100d08                main
 .text._ZN3Dux4initEv
                0x0000000000100e5c       0x2c 3dux.o
                0x0000000000100e5c                Dux::init()
 .text._ZN3Dux14update_buttonsEv
                0x0000000000100e88       0x20 3dux.o
                0x0000000000100e88                Dux::update_buttons()
 .text._ZN3Dux7pressedEm
                0x0000000000100ea8       0x14 3dux.o
                0x0000000000100ea8                Dux::pressed(unsigned long)
 .text._ZN3Dux4heldEm
                0x0000000000100ebc       0x14 3dux.o
                0x0000000000100ebc                Dux::held(unsigned long)
 .text._ZN3Dux12begin_renderEv
                0x0000000000100ed0       0x40 3dux.o
                0x0000000000100ed0                Dux::begin_render()
 .text._ZN3Dux10end_renderEv
                0x0000000000100f10        0x8 3dux.o
                0x0000000000100f10                Dux::end_render()
 .text._ZN3Dux3endEv
                0x0000000000100f18       0x14 3dux.o
                0x0000000000100f18                Dux::end()
 .text._ZN9RectangleC2Effffm
                0x0000000000100f2c       0x20 rectanglux.o
                0x0000000000100f2c                Rectangle::Rectangle(float, float, float, float, unsigned long)
                0x0000000000100f2c                Rectangle::Rectangle(float, float, float, float, unsigned long)
 .text._ZN9Rectangle6renderEv
                0x0000000000100f4c       0x2c rectanglux.o
                0x0000000000100f4c                Rectangle::render()
 .text._ZN9Rectangle4moveEff
                0x0000000000100f78       0x1c rectanglux.o
                0x0000000000100f78                Rectangle::move(float, float)
 .text.C2Di_FrameEndHook
                0x0000000000100f94       0x44 C:/devkitPro/libctru/lib\libcitro2d.a(base.o)
 .text.C2D_Init
                0x0000000000100fd8      0x36c C:/devkitPro/libctru/lib\libcitro2d.a(base.o)
                0x0000000000100fd8                C2D_Init
 .text.C2D_Fini
                0x0000000000101344       0x4c C:/devkitPro/libctru/lib\libcitro2d.a(base.o)
                0x0000000000101344                C2D_Fini
 .text.C2D_Prepare
                0x0000000000101390       0xb8 C:/devkitPro/libctru/lib\libcitro2d.a(base.o)
                0x0000000000101390                C2D_Prepare
 .text.C2D_Flush
                0x0000000000101448       0x48 C:/devkitPro/libctru/lib\libcitro2d.a(base.o)
                0x0000000000101448                C2D_Flush
 .text.C2D_SceneSize
                0x0000000000101490      0x104 C:/devkitPro/libctru/lib\libcitro2d.a(base.o)
                0x0000000000101490                C2D_SceneSize
 .text.C2D_CreateScreenTarget
                0x0000000000101594       0x58 C:/devkitPro/libctru/lib\libcitro2d.a(base.o)
                0x0000000000101594                C2D_CreateScreenTarget
 .text.C2D_TargetClear
                0x00000000001015ec       0x64 C:/devkitPro/libctru/lib\libcitro2d.a(base.o)
                0x00000000001015ec                C2D_TargetClear
 .text.C2Di_AppendQuad
                0x0000000000101650       0x58 C:/devkitPro/libctru/lib\libcitro2d.a(base.o)
                0x0000000000101650                C2Di_AppendQuad
 .text.C2Di_Update
                0x00000000001016a8      0x550 C:/devkitPro/libctru/lib\libcitro2d.a(base.o)
                0x00000000001016a8                C2Di_Update
 .text.C2D_DrawRectangle
                0x0000000000101bf8      0x158 C:/devkitPro/libctru/lib\libcitro2d.a(base.o)
                0x0000000000101bf8                C2D_DrawRectangle
 .text.C3Di_LightEnvUpdate
                0x0000000000101d50        0x4 C:/devkitPro/libctru/lib\libcitro3d.a(base.o)
                0x0000000000101d50                C3Di_LightEnvUpdate
 .text.C3Di_LightEnvDirty
                0x0000000000101d54        0x4 C:/devkitPro/libctru/lib\libcitro3d.a(base.o)
                0x0000000000101d54                C3Di_LightEnvDirty
 .text.C3Di_AptEventHook
                0x0000000000101d58       0xb4 C:/devkitPro/libctru/lib\libcitro3d.a(base.o)
 .text.C3Di_GasUpdate
                0x0000000000101e0c        0x4 C:/devkitPro/libctru/lib\libcitro3d.a(base.o)
                0x0000000000101e0c                C3Di_GasUpdate
 .text.C3D_Init
                0x0000000000101e10      0x1e0 C:/devkitPro/libctru/lib\libcitro3d.a(base.o)
                0x0000000000101e10                C3D_Init
 .text.C3D_SetViewport
                0x0000000000101ff0       0x98 C:/devkitPro/libctru/lib\libcitro3d.a(base.o)
                0x0000000000101ff0                C3D_SetViewport
 .text.C3Di_UpdateContext
                0x0000000000102088      0x4e8 C:/devkitPro/libctru/lib\libcitro3d.a(base.o)
                0x0000000000102088                C3Di_UpdateContext
 .text.C3Di_SplitFrame
                0x0000000000102570       0xe0 C:/devkitPro/libctru/lib\libcitro3d.a(base.o)
                0x0000000000102570                C3Di_SplitFrame
 .text.C3D_Fini
                0x0000000000102650       0x44 C:/devkitPro/libctru/lib\libcitro3d.a(base.o)
                0x0000000000102650                C3D_Fini
 .text.C3D_BindProgram
                0x0000000000102694      0x114 C:/devkitPro/libctru/lib\libcitro3d.a(base.o)
                0x0000000000102694                C3D_BindProgram
 .text.onVBlank0
                0x00000000001027a8       0x4c C:/devkitPro/libctru/lib\libcitro3d.a(renderqueue.o)
 .text.onVBlank1
                0x00000000001027f4       0x4c C:/devkitPro/libctru/lib\libcitro3d.a(renderqueue.o)
 .text.C3Di_RenderTargetDestroy
                0x0000000000102840       0x80 C:/devkitPro/libctru/lib\libcitro3d.a(renderqueue.o)
 .text.onQueueFinish
                0x00000000001028c0       0xf4 C:/devkitPro/libctru/lib\libcitro3d.a(renderqueue.o)
 .text.C3Di_RenderQueueEnableVBlank
                0x00000000001029b4       0x38 C:/devkitPro/libctru/lib\libcitro3d.a(renderqueue.o)
                0x00000000001029b4                C3Di_RenderQueueEnableVBlank
 .text.C3Di_RenderQueueDisableVBlank
                0x00000000001029ec       0x30 C:/devkitPro/libctru/lib\libcitro3d.a(renderqueue.o)
                0x00000000001029ec                C3Di_RenderQueueDisableVBlank
 .text.C3Di_RenderQueueInit
                0x0000000000102a1c       0x60 C:/devkitPro/libctru/lib\libcitro3d.a(renderqueue.o)
                0x0000000000102a1c                C3Di_RenderQueueInit
 .text.C3Di_RenderQueueExit
                0x0000000000102a7c       0xb0 C:/devkitPro/libctru/lib\libcitro3d.a(renderqueue.o)
                0x0000000000102a7c                C3Di_RenderQueueExit
 .text.C3Di_RenderQueueWaitDone
                0x0000000000102b2c       0x34 C:/devkitPro/libctru/lib\libcitro3d.a(renderqueue.o)
                0x0000000000102b2c                C3Di_RenderQueueWaitDone
 .text.C3D_FrameBegin
                0x0000000000102b60       0xe4 C:/devkitPro/libctru/lib\libcitro3d.a(renderqueue.o)
                0x0000000000102b60                C3D_FrameBegin
 .text.C3D_FrameDrawOn
                0x0000000000102c44       0x48 C:/devkitPro/libctru/lib\libcitro3d.a(renderqueue.o)
                0x0000000000102c44                C3D_FrameDrawOn
 .text.C3D_FrameSplit
                0x0000000000102c8c       0x58 C:/devkitPro/libctru/lib\libcitro3d.a(renderqueue.o)
                0x0000000000102c8c                C3D_FrameSplit
 .text.C3D_FrameEnd
                0x0000000000102ce4      0x1d8 C:/devkitPro/libctru/lib\libcitro3d.a(renderqueue.o)
                0x0000000000102ce4                C3D_FrameEnd
 .text.C3D_FrameEndHook
                0x0000000000102ebc       0x1c C:/devkitPro/libctru/lib\libcitro3d.a(renderqueue.o)
                0x0000000000102ebc                C3D_FrameEndHook
 .text.C3D_RenderTargetCreate
                0x0000000000102ed8      0x184 C:/devkitPro/libctru/lib\libcitro3d.a(renderqueue.o)
                0x0000000000102ed8                C3D_RenderTargetCreate
 .text.C3D_RenderTargetSetOutput
                0x000000000010305c       0xa8 C:/devkitPro/libctru/lib\libcitro3d.a(renderqueue.o)
                0x000000000010305c                C3D_RenderTargetSetOutput
 .text.C3D_TexBind
                0x0000000000103104       0x44 C:/devkitPro/libctru/lib\libcitro3d.a(texture.o)
                0x0000000000103104                C3D_TexBind
 .text.C3Di_SetTex
                0x0000000000103148      0x16c C:/devkitPro/libctru/lib\libcitro3d.a(texture.o)
                0x0000000000103148                C3Di_SetTex
 .text.C3D_CalcColorBufSize
                0x00000000001032b4       0x1c C:/devkitPro/libctru/lib\libcitro3d.a(framebuffer.o)
                0x00000000001032b4                C3D_CalcColorBufSize
 .text.C3D_CalcDepthBufSize
                0x00000000001032d0       0x1c C:/devkitPro/libctru/lib\libcitro3d.a(framebuffer.o)
                0x00000000001032d0                C3D_CalcDepthBufSize
 .text.C3D_SetFrameBuf
                0x00000000001032ec       0x44 C:/devkitPro/libctru/lib\libcitro3d.a(framebuffer.o)
                0x00000000001032ec                C3D_SetFrameBuf
 .text.C3Di_FrameBufBind
                0x0000000000103330      0x16c C:/devkitPro/libctru/lib\libcitro3d.a(framebuffer.o)
                0x0000000000103330                C3Di_FrameBufBind
 .text.C3D_FrameBufClear
                0x000000000010349c       0xc8 C:/devkitPro/libctru/lib\libcitro3d.a(framebuffer.o)
                0x000000000010349c                C3D_FrameBufClear
 .text.C3D_FrameBufTransfer
                0x0000000000103564       0x44 C:/devkitPro/libctru/lib\libcitro3d.a(framebuffer.o)
                0x0000000000103564                C3D_FrameBufTransfer
 .text.C3D_GetTexEnv
                0x00000000001035a8       0x34 C:/devkitPro/libctru/lib\libcitro3d.a(texenv.o)
                0x00000000001035a8                C3D_GetTexEnv
 .text.C3Di_TexEnvBind
                0x00000000001035dc       0x24 C:/devkitPro/libctru/lib\libcitro3d.a(texenv.o)
                0x00000000001035dc                C3Di_TexEnvBind
 .text.C3D_DrawElements
                0x0000000000103600      0x218 C:/devkitPro/libctru/lib\libcitro3d.a(drawElements.o)
                0x0000000000103600                C3D_DrawElements
 .text.C3D_ProcTexInit
                0x0000000000103818       0x70 C:/devkitPro/libctru/lib\libcitro3d.a(proctex.o)
                0x0000000000103818                C3D_ProcTexInit
 .text.C3D_ProcTexBind
                0x0000000000103888       0x54 C:/devkitPro/libctru/lib\libcitro3d.a(proctex.o)
                0x0000000000103888                C3D_ProcTexBind
 .text.C3D_ProcTexLutBind
                0x00000000001038dc       0x5c C:/devkitPro/libctru/lib\libcitro3d.a(proctex.o)
                0x00000000001038dc                C3D_ProcTexLutBind
 .text.ProcTexLut_FromArray
                0x0000000000103938       0xa4 C:/devkitPro/libctru/lib\libcitro3d.a(proctex.o)
                0x0000000000103938                ProcTexLut_FromArray
 .text.C3Di_ProcTexUpdate
                0x00000000001039dc      0x17c C:/devkitPro/libctru/lib\libcitro3d.a(proctex.o)
                0x00000000001039dc                C3Di_ProcTexUpdate
 .text.C3Di_ProcTexDirty
                0x0000000000103b58       0x68 C:/devkitPro/libctru/lib\libcitro3d.a(proctex.o)
                0x0000000000103b58                C3Di_ProcTexDirty
 .text.BufInfo_Init
                0x0000000000103bc0       0x24 C:/devkitPro/libctru/lib\libcitro3d.a(buffers.o)
                0x0000000000103bc0                BufInfo_Init
 .text.BufInfo_Add
                0x0000000000103be4       0x80 C:/devkitPro/libctru/lib\libcitro3d.a(buffers.o)
                0x0000000000103be4                BufInfo_Add
 .text.C3D_SetBufInfo
                0x0000000000103c64       0x40 C:/devkitPro/libctru/lib\libcitro3d.a(buffers.o)
                0x0000000000103c64                C3D_SetBufInfo
 .text.C3Di_BufInfoBind
                0x0000000000103ca4       0x48 C:/devkitPro/libctru/lib\libcitro3d.a(buffers.o)
                0x0000000000103ca4                C3Di_BufInfoBind
 .text.C3D_DepthMap
                0x0000000000103cec       0x40 C:/devkitPro/libctru/lib\libcitro3d.a(effect.o)
                0x0000000000103cec                C3D_DepthMap
 .text.C3D_CullFace
                0x0000000000103d2c       0x1c C:/devkitPro/libctru/lib\libcitro3d.a(effect.o)
                0x0000000000103d2c                C3D_CullFace
 .text.C3D_StencilTest
                0x0000000000103d48       0x40 C:/devkitPro/libctru/lib\libcitro3d.a(effect.o)
                0x0000000000103d48                C3D_StencilTest
 .text.C3D_StencilOp
                0x0000000000103d88       0x24 C:/devkitPro/libctru/lib\libcitro3d.a(effect.o)
                0x0000000000103d88                C3D_StencilOp
 .text.C3D_BlendingColor
                0x0000000000103dac       0x1c C:/devkitPro/libctru/lib\libcitro3d.a(effect.o)
                0x0000000000103dac                C3D_BlendingColor
 .text.C3D_EarlyDepthTest
                0x0000000000103dc8       0x24 C:/devkitPro/libctru/lib\libcitro3d.a(effect.o)
                0x0000000000103dc8                C3D_EarlyDepthTest
 .text.C3D_DepthTest
                0x0000000000103dec       0x2c C:/devkitPro/libctru/lib\libcitro3d.a(effect.o)
                0x0000000000103dec                C3D_DepthTest
 .text.C3D_AlphaTest
                0x0000000000103e18       0x2c C:/devkitPro/libctru/lib\libcitro3d.a(effect.o)
                0x0000000000103e18                C3D_AlphaTest
 .text.C3D_AlphaBlend
                0x0000000000103e44       0x50 C:/devkitPro/libctru/lib\libcitro3d.a(effect.o)
                0x0000000000103e44                C3D_AlphaBlend
 .text.C3D_FragOpMode
                0x0000000000103e94       0x30 C:/devkitPro/libctru/lib\libcitro3d.a(effect.o)
                0x0000000000103e94                C3D_FragOpMode
 .text.C3D_FragOpShadow
                0x0000000000103ec4       0x44 C:/devkitPro/libctru/lib\libcitro3d.a(effect.o)
                0x0000000000103ec4                C3D_FragOpShadow
 .text.C3Di_EffectBind
                0x0000000000103f08      0x1ac C:/devkitPro/libctru/lib\libcitro3d.a(effect.o)
                0x0000000000103f08                C3Di_EffectBind
 .text.AttrInfo_Init
                0x00000000001040b4       0x28 C:/devkitPro/libctru/lib\libcitro3d.a(attribs.o)
                0x00000000001040b4                AttrInfo_Init
 .text.AttrInfo_AddLoader
                0x00000000001040dc       0x94 C:/devkitPro/libctru/lib\libcitro3d.a(attribs.o)
                0x00000000001040dc                AttrInfo_AddLoader
 .text.C3D_SetAttrInfo
                0x0000000000104170       0x54 C:/devkitPro/libctru/lib\libcitro3d.a(attribs.o)
                0x0000000000104170                C3D_SetAttrInfo
 .text.C3Di_AttrInfoBind
                0x00000000001041c4       0x80 C:/devkitPro/libctru/lib\libcitro3d.a(attribs.o)
                0x00000000001041c4                C3Di_AttrInfoBind
 .text.C3D_ImmSendAttrib
                0x0000000000104244       0xa8 C:/devkitPro/libctru/lib\libcitro3d.a(immediate.o)
                0x0000000000104244                C3D_ImmSendAttrib
 .text.C3D_UpdateUniforms
                0x00000000001042ec      0x280 C:/devkitPro/libctru/lib\libcitro3d.a(uniforms.o)
                0x00000000001042ec                C3D_UpdateUniforms
 .text.C3Di_DirtyUniforms
                0x000000000010456c       0xc0 C:/devkitPro/libctru/lib\libcitro3d.a(uniforms.o)
                0x000000000010456c                C3Di_DirtyUniforms
 .text.C3Di_LoadShaderUniforms
                0x000000000010462c       0xd8 C:/devkitPro/libctru/lib\libcitro3d.a(uniforms.o)
                0x000000000010462c                C3Di_LoadShaderUniforms
 .text.C3Di_ClearShaderUniforms
                0x0000000000104704       0x28 C:/devkitPro/libctru/lib\libcitro3d.a(uniforms.o)
                0x0000000000104704                C3Di_ClearShaderUniforms
 .text.Mtx_Ortho
                0x000000000010472c       0xcc C:/devkitPro/libctru/lib\libcitro3d.a(mtx_ortho.o)
                0x000000000010472c                Mtx_Ortho
 .text.Mtx_OrthoTilt
                0x00000000001047f8       0xcc C:/devkitPro/libctru/lib\libcitro3d.a(mtx_orthotilt.o)
                0x00000000001047f8                Mtx_OrthoTilt
 .text._ZL21addrMapNodeComparatorPK11rbtree_nodeS1_
                0x00000000001048c4       0x24 C:/devkitPro/libctru/lib\libctru.a(vram.o)
 .text._ZL21addrMapNodeDestructorP11rbtree_node
                0x00000000001048e8        0x4 C:/devkitPro/libctru/lib\libctru.a(vram.o)
 .text.vramMemAlignAt
                0x00000000001048ec      0x250 C:/devkitPro/libctru/lib\libctru.a(vram.o)
                0x00000000001048ec                vramMemAlignAt
 .text.vramAlloc
                0x0000000000104b3c        0xc C:/devkitPro/libctru/lib\libctru.a(vram.o)
                0x0000000000104b3c                vramAlloc
 .text.vramAllocAt
                0x0000000000104b48        0xc C:/devkitPro/libctru/lib\libctru.a(vram.o)
                0x0000000000104b48                vramAllocAt
 .text.vramFree
                0x0000000000104b54       0x90 C:/devkitPro/libctru/lib\libctru.a(vram.o)
                0x0000000000104b54                vramFree
 .text._ZL21addrMapNodeComparatorPK11rbtree_nodeS1_
                0x0000000000104be4       0x24 C:/devkitPro/libctru/lib\libctru.a(linear.o)
 .text._ZL21addrMapNodeDestructorP11rbtree_node
                0x0000000000104c08        0x4 C:/devkitPro/libctru/lib\libctru.a(linear.o)
 .text.linearMemAlign
                0x0000000000104c0c      0x120 C:/devkitPro/libctru/lib\libctru.a(linear.o)
                0x0000000000104c0c                linearMemAlign
 .text.linearAlloc
                0x0000000000104d2c        0x8 C:/devkitPro/libctru/lib\libctru.a(linear.o)
                0x0000000000104d2c                linearAlloc
 .text.linearFree
                0x0000000000104d34       0x5c C:/devkitPro/libctru/lib\libctru.a(linear.o)
                0x0000000000104d34                linearFree
 .text._ZN7MemPool13CoalesceRightEP8MemBlock
                0x0000000000104d90       0x80 C:/devkitPro/libctru/lib\libctru.a(mem_pool.o)
                0x0000000000104d90                MemPool::CoalesceRight(MemBlock*)
 .text._ZN7MemPool8AllocateER8MemChunkmi
                0x0000000000104e10      0x16c C:/devkitPro/libctru/lib\libctru.a(mem_pool.o)
                0x0000000000104e10                MemPool::Allocate(MemChunk&, unsigned long, int)
 .text._ZN7MemPool10DeallocateERK8MemChunk
                0x0000000000104f7c       0xfc C:/devkitPro/libctru/lib\libctru.a(mem_pool.o)
                0x0000000000104f7c                MemPool::Deallocate(MemChunk const&)
 .text._ZN7MemPool12GetFreeSpaceEv
                0x0000000000105078       0x30 C:/devkitPro/libctru/lib\libctru.a(mem_pool.o)
                0x0000000000105078                MemPool::GetFreeSpace()
 .text.osConvertVirtToPhys
                0x00000000001050a8       0x74 C:/devkitPro/libctru/lib\libctru.a(os.o)
                0x00000000001050a8                osConvertVirtToPhys
 .text.__ctru_speedup_config
                0x000000000010511c       0x34 C:/devkitPro/libctru/lib\libctru.a(os.o)
                0x000000000010511c                __ctru_speedup_config
 .text.parseColor
                0x0000000000105150      0x1e8 C:/devkitPro/libctru/lib\libctru.a(console.o)
 .text.consoleDrawChar
                0x0000000000105338      0x1ac C:/devkitPro/libctru/lib\libctru.a(console.o)
                0x0000000000105338                consoleDrawChar
 .text.consolePrintChar
                0x00000000001054e4      0x124 C:/devkitPro/libctru/lib\libctru.a(console.o)
                0x00000000001054e4                consolePrintChar
 .text.con_write
                0x0000000000105608      0xb94 C:/devkitPro/libctru/lib\libctru.a(console.o)
                0x0000000000105608                con_write
 .text.newRow   0x000000000010619c       0xfc C:/devkitPro/libctru/lib\libctru.a(console.o)
 .text.consoleInit
                0x0000000000106298      0x168 C:/devkitPro/libctru/lib\libctru.a(console.o)
                0x0000000000106298                consoleInit
 .text.gfxPresentFramebuffer
                0x0000000000106400       0xd0 C:/devkitPro/libctru/lib\libctru.a(gfx.o)
 .text.gfxIsWide
                0x00000000001064d0       0x1c C:/devkitPro/libctru/lib\libctru.a(gfx.o)
                0x00000000001064d0                gfxIsWide
 .text.gfxSetScreenFormat
                0x00000000001064ec       0xec C:/devkitPro/libctru/lib\libctru.a(gfx.o)
                0x00000000001064ec                gfxSetScreenFormat
 .text.gfxSetDoubleBuffering
                0x00000000001065d8       0x10 C:/devkitPro/libctru/lib\libctru.a(gfx.o)
                0x00000000001065d8                gfxSetDoubleBuffering
 .text.gfxInit  0x00000000001065e8       0xe0 C:/devkitPro/libctru/lib\libctru.a(gfx.o)
                0x00000000001065e8                gfxInit
 .text.gfxInitDefault
                0x00000000001066c8       0x10 C:/devkitPro/libctru/lib\libctru.a(gfx.o)
                0x00000000001066c8                gfxInitDefault
 .text.gfxExit  0x00000000001066d8       0xb4 C:/devkitPro/libctru/lib\libctru.a(gfx.o)
                0x00000000001066d8                gfxExit
 .text.gfxGetFramebuffer
                0x000000000010678c       0xa0 C:/devkitPro/libctru/lib\libctru.a(gfx.o)
                0x000000000010678c                gfxGetFramebuffer
 .text.gfxFlushBuffers
                0x000000000010682c      0x104 C:/devkitPro/libctru/lib\libctru.a(gfx.o)
                0x000000000010682c                gfxFlushBuffers
 .text.gfxScreenSwapBuffers
                0x0000000000106930       0x30 C:/devkitPro/libctru/lib\libctru.a(gfx.o)
                0x0000000000106930                gfxScreenSwapBuffers
 .text.gfxSwapBuffersGpu
                0x0000000000106960       0x50 C:/devkitPro/libctru/lib\libctru.a(gfx.o)
                0x0000000000106960                gfxSwapBuffersGpu
 .text.shaderInstanceInit
                0x00000000001069b0      0x1d4 C:/devkitPro/libctru/lib\libctru.a(shaderProgram.o)
                0x00000000001069b0                shaderInstanceInit
 .text.shaderInstanceGetUniformLocation
                0x0000000000106b84       0x18 C:/devkitPro/libctru/lib\libctru.a(shaderProgram.o)
                0x0000000000106b84                shaderInstanceGetUniformLocation
 .text.shaderProgramInit
                0x0000000000106b9c       0x1c C:/devkitPro/libctru/lib\libctru.a(shaderProgram.o)
                0x0000000000106b9c                shaderProgramInit
 .text.shaderProgramFree
                0x0000000000106bb8       0x64 C:/devkitPro/libctru/lib\libctru.a(shaderProgram.o)
                0x0000000000106bb8                shaderProgramFree
 .text.shaderProgramSetVsh
                0x0000000000106c1c       0x80 C:/devkitPro/libctru/lib\libctru.a(shaderProgram.o)
                0x0000000000106c1c                shaderProgramSetVsh
 .text.shaderProgramConfigure
                0x0000000000106c9c      0x8e0 C:/devkitPro/libctru/lib\libctru.a(shaderProgram.o)
                0x0000000000106c9c                shaderProgramConfigure
 .text.DVLE_GenerateOutmap.part.0
                0x000000000010757c      0x1cc C:/devkitPro/libctru/lib\libctru.a(shbin.o)
 .text.DVLB_ParseFile
                0x0000000000107748      0x1b4 C:/devkitPro/libctru/lib\libctru.a(shbin.o)
                0x0000000000107748                DVLB_ParseFile
 .text.DVLB_Free
                0x00000000001078fc       0x38 C:/devkitPro/libctru/lib\libctru.a(shbin.o)
                0x00000000001078fc                DVLB_Free
 .text.DVLE_GetUniformRegister
                0x0000000000107934       0x74 C:/devkitPro/libctru/lib\libctru.a(shbin.o)
                0x0000000000107934                DVLE_GetUniformRegister
 .text.GX_BindQueue
                0x00000000001079a8       0x10 C:/devkitPro/libctru/lib\libctru.a(gx.o)
                0x00000000001079a8                GX_BindQueue
 .text.GX_ProcessCommandList
                0x00000000001079b8       0x78 C:/devkitPro/libctru/lib\libctru.a(gx.o)
                0x00000000001079b8                GX_ProcessCommandList
 .text.GX_MemoryFill
                0x0000000000107a30       0x74 C:/devkitPro/libctru/lib\libctru.a(gx.o)
                0x0000000000107a30                GX_MemoryFill
 .text.GX_DisplayTransfer
                0x0000000000107aa4       0x70 C:/devkitPro/libctru/lib\libctru.a(gx.o)
                0x0000000000107aa4                GX_DisplayTransfer
 .text.gxCmdQueueDoCommands.part.0
                0x0000000000107b14       0x68 C:/devkitPro/libctru/lib\libctru.a(gxqueue.o)
 .text.gxCmdQueueInterrupt
                0x0000000000107b7c       0xc8 C:/devkitPro/libctru/lib\libctru.a(gxqueue.o)
                0x0000000000107b7c                gxCmdQueueInterrupt
 .text.gxCmdQueueClear
                0x0000000000107c44       0x4c C:/devkitPro/libctru/lib\libctru.a(gxqueue.o)
                0x0000000000107c44                gxCmdQueueClear
 .text.gxCmdQueueAdd
                0x0000000000107c90       0xf8 C:/devkitPro/libctru/lib\libctru.a(gxqueue.o)
                0x0000000000107c90                gxCmdQueueAdd
 .text.gxCmdQueueRun
                0x0000000000107d88       0x80 C:/devkitPro/libctru/lib\libctru.a(gxqueue.o)
                0x0000000000107d88                gxCmdQueueRun
 .text.gxCmdQueueStop
                0x0000000000107e08       0x60 C:/devkitPro/libctru/lib\libctru.a(gxqueue.o)
                0x0000000000107e08                gxCmdQueueStop
 .text.gxCmdQueueWait
                0x0000000000107e68       0x74 C:/devkitPro/libctru/lib\libctru.a(gxqueue.o)
                0x0000000000107e68                gxCmdQueueWait
 .text.GPUCMD_Add
                0x0000000000107edc      0x13c C:/devkitPro/libctru/lib\libctru.a(gpu.o)
                0x0000000000107edc                GPUCMD_Add
 .text.GPUCMD_Split
                0x0000000000108018       0xb0 C:/devkitPro/libctru/lib\libctru.a(gpu.o)
                0x0000000000108018                GPUCMD_Split
 .text.f32tof16
                0x00000000001080c8       0x34 C:/devkitPro/libctru/lib\libctru.a(gpu.o)
                0x00000000001080c8                f32tof16
 .text.f32tof24
                0x00000000001080fc       0x34 C:/devkitPro/libctru/lib\libctru.a(gpu.o)
                0x00000000001080fc                f32tof24
 .text.f32tof31
                0x0000000000108130       0x38 C:/devkitPro/libctru/lib\libctru.a(gpu.o)
                0x0000000000108130                f32tof31
 .text.gspHardwareInit
                0x0000000000108168      0xc58 C:/devkitPro/libctru/lib\libctru.a(gspgpu.o)
 .text.gspInit  0x0000000000108dc0      0x248 C:/devkitPro/libctru/lib\libctru.a(gspgpu.o)
                0x0000000000108dc0                gspInit
 .text.gspExit  0x0000000000109008       0xf0 C:/devkitPro/libctru/lib\libctru.a(gspgpu.o)
                0x0000000000109008                gspExit
 .text.gspHasGpuRight
                0x00000000001090f8       0x10 C:/devkitPro/libctru/lib\libctru.a(gspgpu.o)
                0x00000000001090f8                gspHasGpuRight
 .text.gspPresentBuffer
                0x0000000000109108       0xa0 C:/devkitPro/libctru/lib\libctru.a(gspgpu.o)
                0x0000000000109108                gspPresentBuffer
 .text.gspSetEventCallback
                0x00000000001091a8       0x30 C:/devkitPro/libctru/lib\libctru.a(gspgpu.o)
                0x00000000001091a8                gspSetEventCallback
 .text.gspWaitForEvent
                0x00000000001091d8       0x44 C:/devkitPro/libctru/lib\libctru.a(gspgpu.o)
                0x00000000001091d8                gspWaitForEvent
 .text.gspWaitForAnyEvent
                0x000000000010921c       0x4c C:/devkitPro/libctru/lib\libctru.a(gspgpu.o)
                0x000000000010921c                gspWaitForAnyEvent
 .text.gspEventThreadMain
                0x0000000000109268      0x158 C:/devkitPro/libctru/lib\libctru.a(gspgpu.o)
 .text.gspSubmitGxCommand
                0x00000000001093c0      0x130 C:/devkitPro/libctru/lib\libctru.a(gspgpu.o)
                0x00000000001093c0                gspSubmitGxCommand
 .text.GSPGPU_FlushDataCache
                0x00000000001094f0       0x50 C:/devkitPro/libctru/lib\libctru.a(gspgpu.o)
                0x00000000001094f0                GSPGPU_FlushDataCache
 .text.GSPGPU_SetLcdForceBlack
                0x0000000000109540       0x34 C:/devkitPro/libctru/lib\libctru.a(gspgpu.o)
                0x0000000000109540                GSPGPU_SetLcdForceBlack
 .text.GSPGPU_AcquireRight
                0x0000000000109574       0x68 C:/devkitPro/libctru/lib\libctru.a(gspgpu.o)
                0x0000000000109574                GSPGPU_AcquireRight
 .text.GSPGPU_ReleaseRight
                0x00000000001095dc       0x48 C:/devkitPro/libctru/lib\libctru.a(gspgpu.o)
                0x00000000001095dc                GSPGPU_ReleaseRight
 .text.GSPGPU_ImportDisplayCaptureInfo
                0x0000000000109624       0x7c C:/devkitPro/libctru/lib\libctru.a(gspgpu.o)
                0x0000000000109624                GSPGPU_ImportDisplayCaptureInfo
 .text.GSPGPU_SaveVramSysArea
                0x00000000001096a0       0x2c C:/devkitPro/libctru/lib\libctru.a(gspgpu.o)
                0x00000000001096a0                GSPGPU_SaveVramSysArea
 .text.GSPGPU_RestoreVramSysArea
                0x00000000001096cc       0x2c C:/devkitPro/libctru/lib\libctru.a(gspgpu.o)
                0x00000000001096cc                GSPGPU_RestoreVramSysArea
 .text.aptConvertScreenForCapture
                0x00000000001096f8      0x1a4 C:/devkitPro/libctru/lib\libctru.a(apt.o)
 .text.aptDspSleep
                0x000000000010989c        0x8 C:/devkitPro/libctru/lib\libctru.a(apt.o)
                0x000000000010989c                aptDspSleep
 .text.aptDspWakeup
                0x00000000001098a4        0x4 C:/devkitPro/libctru/lib\libctru.a(apt.o)
                0x00000000001098a4                aptDspWakeup
 .text.aptDspCancel
                0x00000000001098a8        0x4 C:/devkitPro/libctru/lib\libctru.a(apt.o)
                0x00000000001098a8                aptDspCancel
 .text.aptSendCommand
                0x00000000001098ac      0x158 C:/devkitPro/libctru/lib\libctru.a(apt.o)
                0x00000000001098ac                aptSendCommand
 *fill*         0x0000000000109a04        0x4 
 .text.aptExitProcess
                0x0000000000109a08       0x44 C:/devkitPro/libctru/lib\libctru.a(apt.o)
 .text.aptExit  0x0000000000109a4c      0x2f4 C:/devkitPro/libctru/lib\libctru.a(apt.o)
                0x0000000000109a4c                aptExit
 .text.aptHandleSleep
                0x0000000000109d40       0xe0 C:/devkitPro/libctru/lib\libctru.a(apt.o)
                0x0000000000109d40                aptHandleSleep
 .text.aptHook  0x0000000000109e20       0x30 C:/devkitPro/libctru/lib\libctru.a(apt.o)
                0x0000000000109e20                aptHook
 .text.aptUnhook
                0x0000000000109e50       0x30 C:/devkitPro/libctru/lib\libctru.a(apt.o)
                0x0000000000109e50                aptUnhook
 .text.APT_SleepIfShellClosed
                0x0000000000109e80       0x84 C:/devkitPro/libctru/lib\libctru.a(apt.o)
                0x0000000000109e80                APT_SleepIfShellClosed
 .text.aptSetSleepAllowed
                0x0000000000109f04       0x84 C:/devkitPro/libctru/lib\libctru.a(apt.o)
                0x0000000000109f04                aptSetSleepAllowed
 .text.APT_UnlockTransition
                0x0000000000109f88       0x84 C:/devkitPro/libctru/lib\libctru.a(apt.o)
                0x0000000000109f88                APT_UnlockTransition
 *fill*         0x000000000010a00c        0x4 
 .text.aptEventHandler
                0x000000000010a010      0x4a4 C:/devkitPro/libctru/lib\libctru.a(apt.o)
 .text.APT_ReceiveParameter
                0x000000000010a4b4       0xb0 C:/devkitPro/libctru/lib\libctru.a(apt.o)
                0x000000000010a4b4                APT_ReceiveParameter
 .text.aptReceiveParameter.constprop.0
                0x000000000010a564       0xb0 C:/devkitPro/libctru/lib\libctru.a(apt.o)
 *fill*         0x000000000010a614        0x4 
 .text.aptScreenTransfer
                0x000000000010a618      0x2ac C:/devkitPro/libctru/lib\libctru.a(apt.o)
 .text.aptWaitForWakeUp.isra.0
                0x000000000010a8c4      0x344 C:/devkitPro/libctru/lib\libctru.a(apt.o)
 .text.aptJumpToHomeMenu
                0x000000000010ac08      0x100 C:/devkitPro/libctru/lib\libctru.a(apt.o)
                0x000000000010ac08                aptJumpToHomeMenu
 .text.aptMainLoop
                0x000000000010ad08       0x48 C:/devkitPro/libctru/lib\libctru.a(apt.o)
                0x000000000010ad08                aptMainLoop
 .text.aptInit  0x000000000010ad50      0x22c C:/devkitPro/libctru/lib\libctru.a(apt.o)
                0x000000000010ad50                aptInit
 .text.APT_CheckNew3DS
                0x000000000010af7c       0x7c C:/devkitPro/libctru/lib\libctru.a(apt.o)
                0x000000000010af7c                APT_CheckNew3DS
 .text.hidShouldUseIrrst
                0x000000000010aff8       0x24 C:/devkitPro/libctru/lib\libctru.a(hid.o)
                0x000000000010aff8                hidShouldUseIrrst
 .text.hidInit  0x000000000010b01c      0x18c C:/devkitPro/libctru/lib\libctru.a(hid.o)
                0x000000000010b01c                hidInit
 .text.hidExit  0x000000000010b1a8       0xe8 C:/devkitPro/libctru/lib\libctru.a(hid.o)
                0x000000000010b1a8                hidExit
 .text.hidScanInput
                0x000000000010b290      0x2a4 C:/devkitPro/libctru/lib\libctru.a(hid.o)
                0x000000000010b290                hidScanInput
 .text.hidKeysHeld
                0x000000000010b534       0x10 C:/devkitPro/libctru/lib\libctru.a(hid.o)
                0x000000000010b534                hidKeysHeld
 .text.hidKeysDown
                0x000000000010b544       0x10 C:/devkitPro/libctru/lib\libctru.a(hid.o)
                0x000000000010b544                hidKeysDown
 .text.ptmSysmInit
                0x000000000010b554       0x74 C:/devkitPro/libctru/lib\libctru.a(ptmsysm.o)
                0x000000000010b554                ptmSysmInit
 .text.ptmSysmExit
                0x000000000010b5c8       0x3c C:/devkitPro/libctru/lib\libctru.a(ptmsysm.o)
                0x000000000010b5c8                ptmSysmExit
 .text.PTMSYSM_ConfigureNew3DSCPU
                0x000000000010b604       0x34 C:/devkitPro/libctru/lib\libctru.a(ptmsysm.o)
                0x000000000010b604                PTMSYSM_ConfigureNew3DSCPU
 .text.rbtree_init
                0x000000000010b638       0x10 C:/devkitPro/libctru/lib\libctru.a(rbtree_init.o)
                0x000000000010b638                rbtree_init
 .text.do_insert
                0x000000000010b648      0x1b4 C:/devkitPro/libctru/lib\libctru.a(rbtree_insert.o)
 .text.rbtree_insert
                0x000000000010b7fc        0x8 C:/devkitPro/libctru/lib\libctru.a(rbtree_insert.o)
                0x000000000010b7fc                rbtree_insert
 .text.rbtree_rotate
                0x000000000010b804       0x90 C:/devkitPro/libctru/lib\libctru.a(rbtree_rotate.o)
                0x000000000010b804                rbtree_rotate
 .text.rbtree_remove
                0x000000000010b894      0x318 C:/devkitPro/libctru/lib\libctru.a(rbtree_remove.o)
                0x000000000010b894                rbtree_remove
 .text.rbtree_find
                0x000000000010bbac       0x74 C:/devkitPro/libctru/lib\libctru.a(rbtree_find.o)
                0x000000000010bbac                rbtree_find
 .text.__system_allocateHeaps
                0x000000000010bc20      0x1e0 C:/devkitPro/libctru/lib\libctru.a(allocateHeaps.o)
                0x000000000010bc20                __system_allocateHeaps
 .text.__libctru_init
                0x000000000010be00       0x38 C:/devkitPro/libctru/lib\libctru.a(ctru_init.o)
                0x000000000010be00                __libctru_init
 .text.__system_initArgv
                0x000000000010be38      0x170 C:/devkitPro/libctru/lib\libctru.a(initArgv.o)
                0x000000000010be38                __system_initArgv
 .text.svcControlMemory
                0x000000000010bfa8       0x20 C:/devkitPro/libctru/lib\libctru.a(svc.o)
                0x000000000010bfa8                svcControlMemory
 .text.svcQueryMemory
                0x000000000010bfc8       0x30 C:/devkitPro/libctru/lib\libctru.a(svc.o)
                0x000000000010bfc8                svcQueryMemory
 .text.svcExitProcess
                0x000000000010bff8        0x8 C:/devkitPro/libctru/lib\libctru.a(svc.o)
                0x000000000010bff8                svcExitProcess
 .text.svcCreateThread
                0x000000000010c000       0x20 C:/devkitPro/libctru/lib\libctru.a(svc.o)
                0x000000000010c000                svcCreateThread
 .text.svcExitThread
                0x000000000010c020        0x8 C:/devkitPro/libctru/lib\libctru.a(svc.o)
                0x000000000010c020                svcExitThread
 .text.svcSleepThread
                0x000000000010c028        0x8 C:/devkitPro/libctru/lib\libctru.a(svc.o)
                0x000000000010c028                svcSleepThread
 .text.svcReleaseMutex
                0x000000000010c030        0x8 C:/devkitPro/libctru/lib\libctru.a(svc.o)
                0x000000000010c030                svcReleaseMutex
 .text.svcCreateEvent
                0x000000000010c038       0x14 C:/devkitPro/libctru/lib\libctru.a(svc.o)
                0x000000000010c038                svcCreateEvent
 .text.svcSignalEvent
                0x000000000010c04c        0x8 C:/devkitPro/libctru/lib\libctru.a(svc.o)
                0x000000000010c04c                svcSignalEvent
 .text.svcClearEvent
                0x000000000010c054        0x8 C:/devkitPro/libctru/lib\libctru.a(svc.o)
                0x000000000010c054                svcClearEvent
 .text.svcMapMemoryBlock
                0x000000000010c05c        0x8 C:/devkitPro/libctru/lib\libctru.a(svc.o)
                0x000000000010c05c                svcMapMemoryBlock
 .text.svcUnmapMemoryBlock
                0x000000000010c064        0x8 C:/devkitPro/libctru/lib\libctru.a(svc.o)
                0x000000000010c064                svcUnmapMemoryBlock
 .text.svcCreateAddressArbiter
                0x000000000010c06c       0x14 C:/devkitPro/libctru/lib\libctru.a(svc.o)
                0x000000000010c06c                svcCreateAddressArbiter
 .text.svcArbitrateAddressNoTimeout
                0x000000000010c080        0x8 C:/devkitPro/libctru/lib\libctru.a(svc.o)
                0x000000000010c080                svcArbitrateAddressNoTimeout
 .text.svcCloseHandle
                0x000000000010c088        0x8 C:/devkitPro/libctru/lib\libctru.a(svc.o)
                0x000000000010c088                svcCloseHandle
 .text.svcWaitSynchronization
                0x000000000010c090        0x8 C:/devkitPro/libctru/lib\libctru.a(svc.o)
                0x000000000010c090                svcWaitSynchronization
 .text.svcWaitSynchronizationN
                0x000000000010c098       0x28 C:/devkitPro/libctru/lib\libctru.a(svc.o)
                0x000000000010c098                svcWaitSynchronizationN
 .text.svcDuplicateHandle
                0x000000000010c0c0       0x14 C:/devkitPro/libctru/lib\libctru.a(svc.o)
                0x000000000010c0c0                svcDuplicateHandle
 .text.svcGetSystemTick
                0x000000000010c0d4        0x8 C:/devkitPro/libctru/lib\libctru.a(svc.o)
                0x000000000010c0d4                svcGetSystemTick
 .text.svcConnectToPort
                0x000000000010c0dc       0x14 C:/devkitPro/libctru/lib\libctru.a(svc.o)
                0x000000000010c0dc                svcConnectToPort
 .text.svcSendSyncRequest
                0x000000000010c0f0        0x8 C:/devkitPro/libctru/lib\libctru.a(svc.o)
                0x000000000010c0f0                svcSendSyncRequest
 .text.svcGetResourceLimit
                0x000000000010c0f8       0x14 C:/devkitPro/libctru/lib\libctru.a(svc.o)
                0x000000000010c0f8                svcGetResourceLimit
 .text.svcGetResourceLimitLimitValues
                0x000000000010c10c        0x8 C:/devkitPro/libctru/lib\libctru.a(svc.o)
                0x000000000010c10c                svcGetResourceLimitLimitValues
 .text.svcGetResourceLimitCurrentValues
                0x000000000010c114        0x8 C:/devkitPro/libctru/lib\libctru.a(svc.o)
                0x000000000010c114                svcGetResourceLimitCurrentValues
 .text.svcBreak
                0x000000000010c11c        0x8 C:/devkitPro/libctru/lib\libctru.a(svc.o)
                0x000000000010c11c                svcBreak
 .text.initSystem
                0x000000000010c124       0x50 C:/devkitPro/libctru/lib\libctru.a(stack_adjust.o)
                0x000000000010c124                initSystem
 .text.__ctru_exit
                0x000000000010c174       0x18 C:/devkitPro/libctru/lib\libctru.a(stack_adjust.o)
                0x000000000010c174                __ctru_exit
 .text.__sync_init
                0x000000000010c18c        0xc C:/devkitPro/libctru/lib\libctru.a(synchronization.o)
                0x000000000010c18c                __sync_init
 .text.__sync_fini
                0x000000000010c198       0x18 C:/devkitPro/libctru/lib\libctru.a(synchronization.o)
                0x000000000010c198                __sync_fini
 .text.syncArbitrateAddress
                0x000000000010c1b0       0x2c C:/devkitPro/libctru/lib\libctru.a(synchronization.o)
                0x000000000010c1b0                syncArbitrateAddress
 .text.LightLock_Lock
                0x000000000010c1dc       0xb0 C:/devkitPro/libctru/lib\libctru.a(synchronization.o)
                0x000000000010c1dc                LightLock_Lock
 .text.LightLock_Unlock
                0x000000000010c28c       0x40 C:/devkitPro/libctru/lib\libctru.a(synchronization.o)
                0x000000000010c28c                LightLock_Unlock
 .text.RecursiveLock_Init
                0x000000000010c2cc       0x24 C:/devkitPro/libctru/lib\libctru.a(synchronization.o)
                0x000000000010c2cc                RecursiveLock_Init
 .text.RecursiveLock_Lock
                0x000000000010c2f0       0x30 C:/devkitPro/libctru/lib\libctru.a(synchronization.o)
                0x000000000010c2f0                RecursiveLock_Lock
 .text.RecursiveLock_Unlock
                0x000000000010c320       0x54 C:/devkitPro/libctru/lib\libctru.a(synchronization.o)
                0x000000000010c320                RecursiveLock_Unlock
 .text.LightEvent_Init
                0x000000000010c374       0x40 C:/devkitPro/libctru/lib\libctru.a(synchronization.o)
                0x000000000010c374                LightEvent_Init
 .text.LightEvent_Clear
                0x000000000010c3b4       0xa4 C:/devkitPro/libctru/lib\libctru.a(synchronization.o)
                0x000000000010c3b4                LightEvent_Clear
 .text.LightEvent_Signal
                0x000000000010c458       0xc8 C:/devkitPro/libctru/lib\libctru.a(synchronization.o)
                0x000000000010c458                LightEvent_Signal
 .text.LightEvent_TryWait
                0x000000000010c520       0x50 C:/devkitPro/libctru/lib\libctru.a(synchronization.o)
                0x000000000010c520                LightEvent_TryWait
 .text.LightEvent_Wait
                0x000000000010c570       0xb0 C:/devkitPro/libctru/lib\libctru.a(synchronization.o)
                0x000000000010c570                LightEvent_Wait
 .text.srvInit  0x000000000010c620      0x130 C:/devkitPro/libctru/lib\libctru.a(srv.o)
                0x000000000010c620                srvInit
 .text.srvExit  0x000000000010c750       0x58 C:/devkitPro/libctru/lib\libctru.a(srv.o)
                0x000000000010c750                srvExit
 .text.srvGetServiceHandleDirect
                0x000000000010c7a8       0xa0 C:/devkitPro/libctru/lib\libctru.a(srv.o)
                0x000000000010c7a8                srvGetServiceHandleDirect
 .text.srvGetServiceHandle
                0x000000000010c848       0x38 C:/devkitPro/libctru/lib\libctru.a(srv.o)
                0x000000000010c848                srvGetServiceHandle
 .text.srvPublishToSubscriber
                0x000000000010c880       0x38 C:/devkitPro/libctru/lib\libctru.a(srv.o)
                0x000000000010c880                srvPublishToSubscriber
 .text.threadCreate
                0x000000000010c8b8      0x178 C:/devkitPro/libctru/lib\libctru.a(thread.o)
                0x000000000010c8b8                threadCreate
 .text.threadFree
                0x000000000010ca30       0x2c C:/devkitPro/libctru/lib\libctru.a(thread.o)
                0x000000000010ca30                threadFree
 .text.threadJoin
                0x000000000010ca5c       0x24 C:/devkitPro/libctru/lib\libctru.a(thread.o)
                0x000000000010ca5c                threadJoin
 .text.threadGetCurrent
                0x000000000010ca80       0x30 C:/devkitPro/libctru/lib\libctru.a(thread.o)
                0x000000000010ca80                threadGetCurrent
 .text.threadExit
                0x000000000010cab0       0x40 C:/devkitPro/libctru/lib\libctru.a(thread.o)
                0x000000000010cab0                threadExit
 .text._thread_begin
                0x000000000010caf0       0x20 C:/devkitPro/libctru/lib\libctru.a(thread.o)
 .text.mappableFindAddressWithin
                0x000000000010cb10       0xb4 C:/devkitPro/libctru/lib\libctru.a(mappable.o)
 .text.mappableInit
                0x000000000010cbc4       0x28 C:/devkitPro/libctru/lib\libctru.a(mappable.o)
                0x000000000010cbc4                mappableInit
 .text.mappableAlloc
                0x000000000010cbec       0x80 C:/devkitPro/libctru/lib\libctru.a(mappable.o)
                0x000000000010cbec                mappableAlloc
 .text.mappableFree
                0x000000000010cc6c        0x4 C:/devkitPro/libctru/lib\libctru.a(mappable.o)
                0x000000000010cc6c                mappableFree
 .text.irrstInit
                0x000000000010cc70      0x164 C:/devkitPro/libctru/lib\libctru.a(irrst.o)
                0x000000000010cc70                irrstInit
 .text.irrstExit
                0x000000000010cdd4       0xcc C:/devkitPro/libctru/lib\libctru.a(irrst.o)
                0x000000000010cdd4                irrstExit
 .text.irrstScanInput
                0x000000000010cea0       0xb4 C:/devkitPro/libctru/lib\libctru.a(irrst.o)
                0x000000000010cea0                irrstScanInput
 .text.irrstKeysHeld
                0x000000000010cf54       0x24 C:/devkitPro/libctru/lib\libctru.a(irrst.o)
                0x000000000010cf54                irrstKeysHeld
 .text.srvPmGetSessionHandle
                0x000000000010cf78        0xc C:/devkitPro/libctru/lib\libctru.a(srvpm.o)
                0x000000000010cf78                srvPmGetSessionHandle
 .text.rbtree_node_next
                0x000000000010cf84       0x5c C:/devkitPro/libctru/lib\libctru.a(rbtree_iterator.o)
                0x000000000010cf84                rbtree_node_next
 .text.__appInit
                0x000000000010cfe0       0x30 C:/devkitPro/libctru/lib\libctru.a(appInit.o)
                0x000000000010cfe0                __appInit
 .text.__syscall_getreent
                0x000000000010d010       0x30 C:/devkitPro/libctru/lib\libctru.a(syscalls.o)
                0x000000000010d010                __syscall_getreent
 .text.__syscall_lock_acquire
                0x000000000010d040        0x4 C:/devkitPro/libctru/lib\libctru.a(syscalls.o)
                0x000000000010d040                __syscall_lock_acquire
 .text.__syscall_lock_release
                0x000000000010d044        0x4 C:/devkitPro/libctru/lib\libctru.a(syscalls.o)
                0x000000000010d044                __syscall_lock_release
 .text.__syscall_lock_init_recursive
                0x000000000010d048        0x4 C:/devkitPro/libctru/lib\libctru.a(syscalls.o)
                0x000000000010d048                __syscall_lock_init_recursive
 .text.__syscall_lock_acquire_recursive
                0x000000000010d04c        0x4 C:/devkitPro/libctru/lib\libctru.a(syscalls.o)
                0x000000000010d04c                __syscall_lock_acquire_recursive
 .text.__syscall_lock_release_recursive
                0x000000000010d050        0x4 C:/devkitPro/libctru/lib\libctru.a(syscalls.o)
                0x000000000010d050                __syscall_lock_release_recursive
 .text.__syscall_exit
                0x000000000010d054        0x4 C:/devkitPro/libctru/lib\libctru.a(syscalls.o)
                0x000000000010d054                __syscall_exit
 .text.initThreadVars
                0x000000000010d058       0x50 C:/devkitPro/libctru/lib\libctru.a(syscalls.o)
                0x000000000010d058                initThreadVars
 .text.__system_initSyscalls
                0x000000000010d0a8       0x68 C:/devkitPro/libctru/lib\libctru.a(syscalls.o)
                0x000000000010d0a8                __system_initSyscalls
 .text.__appExit
                0x000000000010d110       0x30 C:/devkitPro/libctru/lib\libctru.a(appExit.o)
                0x000000000010d110                __appExit
 .text.__libctru_exit
                0x000000000010d140       0x90 C:/devkitPro/libctru/lib\libctru.a(ctru_exit.o)
                0x000000000010d140                __libctru_exit
 .text.envGetHandle
                0x000000000010d1d0       0x84 C:/devkitPro/libctru/lib\libctru.a(env.o)
                0x000000000010d1d0                envGetHandle
 .text.envDestroyHandles
                0x000000000010d254       0x50 C:/devkitPro/libctru/lib\libctru.a(env.o)
                0x000000000010d254                envDestroyHandles
 .text.archive_link
                0x000000000010d2a4       0x14 C:/devkitPro/libctru/lib\libctru.a(archive_dev.o)
 .text.archive_dirreset
                0x000000000010d2b8       0x14 C:/devkitPro/libctru/lib\libctru.a(archive_dev.o)
 .text.archive_chmod
                0x000000000010d2cc       0x14 C:/devkitPro/libctru/lib\libctru.a(archive_dev.o)
 .text.error_cmp
                0x000000000010d2e0       0x24 C:/devkitPro/libctru/lib\libctru.a(archive_dev.o)
 .text.archive_translate_error
                0x000000000010d304       0x50 C:/devkitPro/libctru/lib\libctru.a(archive_dev.o)
 .text.archive_seek
                0x000000000010d354       0xc8 C:/devkitPro/libctru/lib\libctru.a(archive_dev.o)
 .text._archiveInit.part.0
                0x000000000010d41c       0x7c C:/devkitPro/libctru/lib\libctru.a(archive_dev.o)
 .text.archiveFindDevice.part.0
                0x000000000010d498       0xc4 C:/devkitPro/libctru/lib\libctru.a(archive_dev.o)
 .text.archive_utf16path
                0x000000000010d55c      0x25c C:/devkitPro/libctru/lib\libctru.a(archive_dev.o)
 .text._archiveUnmountDeviceStruct.part.0
                0x000000000010d7b8       0xa0 C:/devkitPro/libctru/lib\libctru.a(archive_dev.o)
 .text.archive_fchmod
                0x000000000010d858       0x14 C:/devkitPro/libctru/lib\libctru.a(archive_dev.o)
 .text.archive_statvfs
                0x000000000010d86c       0x14 C:/devkitPro/libctru/lib\libctru.a(archive_dev.o)
 .text._archiveMountDevice
                0x000000000010d880      0x164 C:/devkitPro/libctru/lib\libctru.a(archive_dev.o)
 .text.archive_diropen
                0x000000000010d9e4       0xe8 C:/devkitPro/libctru/lib\libctru.a(archive_dev.o)
 .text.archive_fstat
                0x000000000010dacc       0xa4 C:/devkitPro/libctru/lib\libctru.a(archive_dev.o)
 .text.archive_close
                0x000000000010db70       0x6c C:/devkitPro/libctru/lib\libctru.a(archive_dev.o)
 .text.archive_fsync
                0x000000000010dbdc       0x6c C:/devkitPro/libctru/lib\libctru.a(archive_dev.o)
 .text.archive_dirclose
                0x000000000010dc48       0x70 C:/devkitPro/libctru/lib\libctru.a(archive_dev.o)
 .text.sdmc_statvfs
                0x000000000010dcb8       0xe8 C:/devkitPro/libctru/lib\libctru.a(archive_dev.o)
 .text.archive_chdir
                0x000000000010dda0       0xec C:/devkitPro/libctru/lib\libctru.a(archive_dev.o)
 .text.archive_ftruncate
                0x000000000010de8c       0x7c C:/devkitPro/libctru/lib\libctru.a(archive_dev.o)
 .text.archive_read
                0x000000000010df08       0xac C:/devkitPro/libctru/lib\libctru.a(archive_dev.o)
 .text.archive_unlink
                0x000000000010dfb4       0xa4 C:/devkitPro/libctru/lib\libctru.a(archive_dev.o)
 .text.archive_rmdir
                0x000000000010e058       0xbc C:/devkitPro/libctru/lib\libctru.a(archive_dev.o)
 .text.archive_mkdir
                0x000000000010e114       0xdc C:/devkitPro/libctru/lib\libctru.a(archive_dev.o)
 .text.archive_stat
                0x000000000010e1f0      0x19c C:/devkitPro/libctru/lib\libctru.a(archive_dev.o)
 .text.archive_dirnext
                0x000000000010e38c      0x15c C:/devkitPro/libctru/lib\libctru.a(archive_dev.o)
 .text.archive_write
                0x000000000010e4e8       0xec C:/devkitPro/libctru/lib\libctru.a(archive_dev.o)
 .text.archive_open
                0x000000000010e5d4      0x1d4 C:/devkitPro/libctru/lib\libctru.a(archive_dev.o)
 .text.archive_rename
                0x000000000010e7a8      0x278 C:/devkitPro/libctru/lib\libctru.a(archive_dev.o)
 .text.archiveMountSdmc
                0x000000000010ea20      0x19c C:/devkitPro/libctru/lib\libctru.a(archive_dev.o)
                0x000000000010ea20                archiveMountSdmc
 .text.archiveUnmountAll
                0x000000000010ebbc       0x54 C:/devkitPro/libctru/lib\libctru.a(archive_dev.o)
                0x000000000010ebbc                archiveUnmountAll
 .text.fsInit   0x000000000010ec10       0xcc C:/devkitPro/libctru/lib\libctru.a(fs.o)
                0x000000000010ec10                fsInit
 .text.fsExit   0x000000000010ecdc       0x3c C:/devkitPro/libctru/lib\libctru.a(fs.o)
                0x000000000010ecdc                fsExit
 .text.fsExemptFromSession
                0x000000000010ed18       0x60 C:/devkitPro/libctru/lib\libctru.a(fs.o)
                0x000000000010ed18                fsExemptFromSession
 .text.fsUnexemptFromSession
                0x000000000010ed78       0x50 C:/devkitPro/libctru/lib\libctru.a(fs.o)
                0x000000000010ed78                fsUnexemptFromSession
 .text.FSUSER_OpenFile
                0x000000000010edc8       0xcc C:/devkitPro/libctru/lib\libctru.a(fs.o)
                0x000000000010edc8                FSUSER_OpenFile
 .text.FSUSER_DeleteFile
                0x000000000010ee94       0xbc C:/devkitPro/libctru/lib\libctru.a(fs.o)
                0x000000000010ee94                FSUSER_DeleteFile
 .text.FSUSER_RenameFile
                0x000000000010ef50       0xf8 C:/devkitPro/libctru/lib\libctru.a(fs.o)
                0x000000000010ef50                FSUSER_RenameFile
 .text.FSUSER_DeleteDirectory
                0x000000000010f048       0xbc C:/devkitPro/libctru/lib\libctru.a(fs.o)
                0x000000000010f048                FSUSER_DeleteDirectory
 .text.FSUSER_CreateFile
                0x000000000010f104       0xd4 C:/devkitPro/libctru/lib\libctru.a(fs.o)
                0x000000000010f104                FSUSER_CreateFile
 .text.FSUSER_CreateDirectory
                0x000000000010f1d8       0xc4 C:/devkitPro/libctru/lib\libctru.a(fs.o)
                0x000000000010f1d8                FSUSER_CreateDirectory
 .text.FSUSER_RenameDirectory
                0x000000000010f29c       0xf8 C:/devkitPro/libctru/lib\libctru.a(fs.o)
                0x000000000010f29c                FSUSER_RenameDirectory
 .text.FSUSER_OpenDirectory
                0x000000000010f394       0xb4 C:/devkitPro/libctru/lib\libctru.a(fs.o)
                0x000000000010f394                FSUSER_OpenDirectory
 .text.FSUSER_OpenArchive
                0x000000000010f448       0x98 C:/devkitPro/libctru/lib\libctru.a(fs.o)
                0x000000000010f448                FSUSER_OpenArchive
 .text.FSUSER_CloseArchive
                0x000000000010f4e0       0x8c C:/devkitPro/libctru/lib\libctru.a(fs.o)
                0x000000000010f4e0                FSUSER_CloseArchive
 .text.FSUSER_GetSdmcArchiveResource
                0x000000000010f56c       0x74 C:/devkitPro/libctru/lib\libctru.a(fs.o)
                0x000000000010f56c                FSUSER_GetSdmcArchiveResource
 .text.FSUSER_IsSdmcWritable
                0x000000000010f5e0       0x64 C:/devkitPro/libctru/lib\libctru.a(fs.o)
                0x000000000010f5e0                FSUSER_IsSdmcWritable
 .text.FSFILE_Read
                0x000000000010f644       0x58 C:/devkitPro/libctru/lib\libctru.a(fs.o)
                0x000000000010f644                FSFILE_Read
 .text.FSFILE_Write
                0x000000000010f69c       0x60 C:/devkitPro/libctru/lib\libctru.a(fs.o)
                0x000000000010f69c                FSFILE_Write
 .text.FSFILE_GetSize
                0x000000000010f6fc       0x3c C:/devkitPro/libctru/lib\libctru.a(fs.o)
                0x000000000010f6fc                FSFILE_GetSize
 .text.FSFILE_SetSize
                0x000000000010f738       0x28 C:/devkitPro/libctru/lib\libctru.a(fs.o)
                0x000000000010f738                FSFILE_SetSize
 .text.FSFILE_Close
                0x000000000010f760       0x3c C:/devkitPro/libctru/lib\libctru.a(fs.o)
                0x000000000010f760                FSFILE_Close
 .text.FSFILE_Flush
                0x000000000010f79c       0x24 C:/devkitPro/libctru/lib\libctru.a(fs.o)
                0x000000000010f79c                FSFILE_Flush
 .text.FSDIR_Read
                0x000000000010f7c0       0x50 C:/devkitPro/libctru/lib\libctru.a(fs.o)
                0x000000000010f7c0                FSDIR_Read
 .text.FSDIR_Close
                0x000000000010f810       0x3c C:/devkitPro/libctru/lib\libctru.a(fs.o)
                0x000000000010f810                FSDIR_Close
 .text.utf16_to_utf8
                0x000000000010f84c       0xe8 C:/devkitPro/libctru/lib\libctru.a(utf16_to_utf8.o)
                0x000000000010f84c                utf16_to_utf8
 .text.decode_utf16
                0x000000000010f934       0x64 C:/devkitPro/libctru/lib\libctru.a(decode_utf16.o)
                0x000000000010f934                decode_utf16
 .text.decode_utf8
                0x000000000010f998      0x13c C:/devkitPro/libctru/lib\libctru.a(decode_utf8.o)
                0x000000000010f998                decode_utf8
 .text.utf8_to_utf16
                0x000000000010fad4       0xc0 C:/devkitPro/libctru/lib\libctru.a(utf8_to_utf16.o)
                0x000000000010fad4                utf8_to_utf16
 .text.__aeabi_read_tp
                0x000000000010fb94        0xc C:/devkitPro/libctru/lib\libctru.a(readtp.o)
                0x000000000010fb94                __aeabi_read_tp
 .text.encode_utf16
                0x000000000010fba0       0x54 C:/devkitPro/libctru/lib\libctru.a(encode_utf16.o)
                0x000000000010fba0                encode_utf16
 .text.encode_utf8
                0x000000000010fbf4       0xe0 C:/devkitPro/libctru/lib\libctru.a(encode_utf8.o)
                0x000000000010fbf4                encode_utf8
 .text.__udivmoddi4
                0x000000000010fcd4      0x120 c:/devkitpro/devkitarm/bin/../lib/gcc/arm-none-eabi/12.1.0/armv6k/fpu\libgcc.a(_udivmoddi4.o)
                0x000000000010fcd4                __udivmoddi4
 .text.bsearch  0x000000000010fdf4       0x78 c:/devkitpro/devkitarm/bin/../lib/gcc/arm-none-eabi/12.1.0/../../../../arm-none-eabi/lib/armv6k/fpu\libg.a(lib_a-bsearch.o)
                0x000000000010fdf4                bsearch
 .text.calloc   0x000000000010fe6c       0x20 c:/devkitpro/devkitarm/bin/../lib/gcc/arm-none-eabi/12.1.0/../../../../arm-none-eabi/lib/armv6k/fpu\libg.a(lib_a-calloc.o)
                0x000000000010fe6c                calloc
 .text._calloc_r
                0x000000000010fe8c       0xc0 c:/devkitpro/devkitarm/bin/../lib/gcc/arm-none-eabi/12.1.0/../../../../arm-none-eabi/lib/armv6k/fpu\libg.a(lib_a-callocr.o)
                0x000000000010fe8c                _calloc_r
 .text.__errno  0x000000000010ff4c        0xc c:/devkitpro/devkitarm/bin/../lib/gcc/arm-none-eabi/12.1.0/../../../../arm-none-eabi/lib/armv6k/fpu\libg.a(lib_a-errno.o)
                0x000000000010ff4c                __errno
 .text.exit     0x000000000010ff58       0x34 c:/devkitpro/devkitarm/bin/../lib/gcc/arm-none-eabi/12.1.0/../../../../arm-none-eabi/lib/armv6k/fpu\libg.a(lib_a-exit.o)
                0x000000000010ff58                exit
 .text.__sflush_r
                0x000000000010ff8c      0x234 c:/devkitpro/devkitarm/bin/../lib/gcc/arm-none-eabi/12.1.0/../../../../arm-none-eabi/lib/armv6k/fpu\libg.a(lib_a-fflush.o)
                0x000000000010ff8c                __sflush_r
 .text._fflush_r
                0x00000000001101c0       0x94 c:/devkitpro/devkitarm/bin/../lib/gcc/arm-none-eabi/12.1.0/../../../../arm-none-eabi/lib/armv6k/fpu\libg.a(lib_a-fflush.o)
                0x00000000001101c0                _fflush_r
 .text._cleanup_r
                0x0000000000110254        0xc c:/devkitpro/devkitarm/bin/../lib/gcc/arm-none-eabi/12.1.0/../../../../arm-none-eabi/lib/armv6k/fpu\libg.a(lib_a-findfp.o)
                0x0000000000110254                _cleanup_r
 .text.__sinit  0x0000000000110260      0x184 c:/devkitpro/devkitarm/bin/../lib/gcc/arm-none-eabi/12.1.0/../../../../arm-none-eabi/lib/armv6k/fpu\libg.a(lib_a-findfp.o)
                0x0000000000110260                __sinit
 .text.__sfp_lock_acquire
                0x00000000001103e4        0xc c:/devkitpro/devkitarm/bin/../lib/gcc/arm-none-eabi/12.1.0/../../../../arm-none-eabi/lib/armv6k/fpu\libg.a(lib_a-findfp.o)
                0x00000000001103e4                __sfp_lock_acquire
 .text.__sfp_lock_release
                0x00000000001103f0        0xc c:/devkitpro/devkitarm/bin/../lib/gcc/arm-none-eabi/12.1.0/../../../../arm-none-eabi/lib/armv6k/fpu\libg.a(lib_a-findfp.o)
                0x00000000001103f0                __sfp_lock_release
 .text.__libc_fini_array
                0x00000000001103fc       0x3c c:/devkitpro/devkitarm/bin/../lib/gcc/arm-none-eabi/12.1.0/../../../../arm-none-eabi/lib/armv6k/fpu\libg.a(lib_a-fini.o)
                0x00000000001103fc                __libc_fini_array
 .text._malloc_trim_r
                0x0000000000110438       0xf8 c:/devkitpro/devkitarm/bin/../lib/gcc/arm-none-eabi/12.1.0/../../../../arm-none-eabi/lib/armv6k/fpu\libg.a(lib_a-freer.o)
                0x0000000000110438                _malloc_trim_r
 .text._free_r  0x0000000000110530      0x2e8 c:/devkitpro/devkitarm/bin/../lib/gcc/arm-none-eabi/12.1.0/../../../../arm-none-eabi/lib/armv6k/fpu\libg.a(lib_a-freer.o)
                0x0000000000110530                _free_r
 .text._fwalk_reent
                0x0000000000110818       0x70 c:/devkitpro/devkitarm/bin/../lib/gcc/arm-none-eabi/12.1.0/../../../../arm-none-eabi/lib/armv6k/fpu\libg.a(lib_a-fwalk.o)
                0x0000000000110818                _fwalk_reent
 .text.__libc_init_array
                0x0000000000110888       0x84 c:/devkitpro/devkitarm/bin/../lib/gcc/arm-none-eabi/12.1.0/../../../../arm-none-eabi/lib/armv6k/fpu\libg.a(lib_a-init.o)
                0x0000000000110888                __libc_init_array
 .text.memalign
                0x000000000011090c       0x20 c:/devkitpro/devkitarm/bin/../lib/gcc/arm-none-eabi/12.1.0/../../../../arm-none-eabi/lib/armv6k/fpu\libg.a(lib_a-malign.o)
                0x000000000011090c                memalign
 .text._memalign_r
                0x000000000011092c      0x14c c:/devkitpro/devkitarm/bin/../lib/gcc/arm-none-eabi/12.1.0/../../../../arm-none-eabi/lib/armv6k/fpu\libg.a(lib_a-malignr.o)
                0x000000000011092c                _memalign_r
 .text.malloc   0x0000000000110a78       0x18 c:/devkitpro/devkitarm/bin/../lib/gcc/arm-none-eabi/12.1.0/../../../../arm-none-eabi/lib/armv6k/fpu\libg.a(lib_a-malloc.o)
                0x0000000000110a78                malloc
 .text.free     0x0000000000110a90       0x18 c:/devkitpro/devkitarm/bin/../lib/gcc/arm-none-eabi/12.1.0/../../../../arm-none-eabi/lib/armv6k/fpu\libg.a(lib_a-malloc.o)
                0x0000000000110a90                free
 .text._malloc_r
                0x0000000000110aa8      0x7e4 c:/devkitpro/devkitarm/bin/../lib/gcc/arm-none-eabi/12.1.0/../../../../arm-none-eabi/lib/armv6k/fpu\libg.a(lib_a-mallocr.o)
                0x0000000000110aa8                _malloc_r
 .text.memchr   0x000000000011128c       0xe4 c:/devkitpro/devkitarm/bin/../lib/gcc/arm-none-eabi/12.1.0/../../../../arm-none-eabi/lib/armv6k/fpu\libg.a(lib_a-memchr-stub.o)
                0x000000000011128c                memchr
 .text.memcpy   0x0000000000111370      0x118 c:/devkitpro/devkitarm/bin/../lib/gcc/arm-none-eabi/12.1.0/../../../../arm-none-eabi/lib/armv6k/fpu\libg.a(lib_a-memcpy-stub.o)
                0x0000000000111370                memcpy
 .text.memset   0x0000000000111488       0xf4 c:/devkitpro/devkitarm/bin/../lib/gcc/arm-none-eabi/12.1.0/../../../../arm-none-eabi/lib/armv6k/fpu\libg.a(lib_a-memset.o)
                0x0000000000111488                memset
 .text.__malloc_lock
                0x000000000011157c        0xc c:/devkitpro/devkitarm/bin/../lib/gcc/arm-none-eabi/12.1.0/../../../../arm-none-eabi/lib/armv6k/fpu\libg.a(lib_a-mlock.o)
                0x000000000011157c                __malloc_lock
 .text.__malloc_unlock
                0x0000000000111588        0xc c:/devkitpro/devkitarm/bin/../lib/gcc/arm-none-eabi/12.1.0/../../../../arm-none-eabi/lib/armv6k/fpu\libg.a(lib_a-mlock.o)
                0x0000000000111588                __malloc_unlock
 .text.printf   0x0000000000111594       0x34 c:/devkitpro/devkitarm/bin/../lib/gcc/arm-none-eabi/12.1.0/../../../../arm-none-eabi/lib/armv6k/fpu\libg.a(lib_a-printf.o)
                0x0000000000111594                printf
 .text.setvbuf  0x00000000001115c8      0x25c c:/devkitpro/devkitarm/bin/../lib/gcc/arm-none-eabi/12.1.0/../../../../arm-none-eabi/lib/armv6k/fpu\libg.a(lib_a-setvbuf.o)
                0x00000000001115c8                setvbuf
 .text.sscanf   0x0000000000111824       0x74 c:/devkitpro/devkitarm/bin/../lib/gcc/arm-none-eabi/12.1.0/../../../../arm-none-eabi/lib/armv6k/fpu\libg.a(lib_a-sscanf.o)
                0x0000000000111824                sscanf
 .text.__sread  0x0000000000111898       0x44 c:/devkitpro/devkitarm/bin/../lib/gcc/arm-none-eabi/12.1.0/../../../../arm-none-eabi/lib/armv6k/fpu\libg.a(lib_a-stdio.o)
                0x0000000000111898                __sread
 .text.__seofread
                0x00000000001118dc        0x8 c:/devkitpro/devkitarm/bin/../lib/gcc/arm-none-eabi/12.1.0/../../../../arm-none-eabi/lib/armv6k/fpu\libg.a(lib_a-stdio.o)
                0x00000000001118dc                __seofread
 .text.__swrite
                0x00000000001118e4       0x68 c:/devkitpro/devkitarm/bin/../lib/gcc/arm-none-eabi/12.1.0/../../../../arm-none-eabi/lib/armv6k/fpu\libg.a(lib_a-stdio.o)
                0x00000000001118e4                __swrite
 .text.__sseek  0x000000000011194c       0x44 c:/devkitpro/devkitarm/bin/../lib/gcc/arm-none-eabi/12.1.0/../../../../arm-none-eabi/lib/armv6k/fpu\libg.a(lib_a-stdio.o)
                0x000000000011194c                __sseek
 .text.__sclose
                0x0000000000111990        0x8 c:/devkitpro/devkitarm/bin/../lib/gcc/arm-none-eabi/12.1.0/../../../../arm-none-eabi/lib/armv6k/fpu\libg.a(lib_a-stdio.o)
                0x0000000000111990                __sclose
 .text.strlen   0x0000000000111998       0x5c c:/devkitpro/devkitarm/bin/../lib/gcc/arm-none-eabi/12.1.0/../../../../arm-none-eabi/lib/armv6k/fpu\libg.a(lib_a-strlen-stub.o)
                0x0000000000111998                strlen
 .text.strncat  0x00000000001119f4       0xe4 c:/devkitpro/devkitarm/bin/../lib/gcc/arm-none-eabi/12.1.0/../../../../arm-none-eabi/lib/armv6k/fpu\libg.a(lib_a-strncat.o)
                0x00000000001119f4                strncat
 .text.strncmp  0x0000000000111ad8       0xe4 c:/devkitpro/devkitarm/bin/../lib/gcc/arm-none-eabi/12.1.0/../../../../arm-none-eabi/lib/armv6k/fpu\libg.a(lib_a-strncmp.o)
                0x0000000000111ad8                strncmp
 .text.strncpy  0x0000000000111bbc       0xc4 c:/devkitpro/devkitarm/bin/../lib/gcc/arm-none-eabi/12.1.0/../../../../arm-none-eabi/lib/armv6k/fpu\libg.a(lib_a-strncpy.o)
                0x0000000000111bbc                strncpy
 .text.strnlen  0x0000000000111c80       0x48 c:/devkitpro/devkitarm/bin/../lib/gcc/arm-none-eabi/12.1.0/../../../../arm-none-eabi/lib/armv6k/fpu\libg.a(lib_a-strnlen.o)
                0x0000000000111c80                strnlen
 .text._strtoul_l.constprop.0
                0x0000000000111cc8      0x1c4 c:/devkitpro/devkitarm/bin/../lib/gcc/arm-none-eabi/12.1.0/../../../../arm-none-eabi/lib/armv6k/fpu\libg.a(lib_a-strtoul.o)
 .text._strtoul_r
                0x0000000000111e8c        0x4 c:/devkitpro/devkitarm/bin/../lib/gcc/arm-none-eabi/12.1.0/../../../../arm-none-eabi/lib/armv6k/fpu\libg.a(lib_a-strtoul.o)
                0x0000000000111e8c                _strtoul_r
 .text.strtoul  0x0000000000111e90       0x28 c:/devkitpro/devkitarm/bin/../lib/gcc/arm-none-eabi/12.1.0/../../../../arm-none-eabi/lib/armv6k/fpu\libg.a(lib_a-strtoul.o)
                0x0000000000111e90                strtoul
 .text.get_arg  0x0000000000111eb8       0x50 c:/devkitpro/devkitarm/bin/../lib/gcc/arm-none-eabi/12.1.0/../../../../arm-none-eabi/lib/armv6k/fpu\libg.a(lib_a-svfscanf.o)
 .text.__ssvfscanf_r
                0x0000000000111f08     0x2c38 c:/devkitpro/devkitarm/bin/../lib/gcc/arm-none-eabi/12.1.0/../../../../arm-none-eabi/lib/armv6k/fpu\libg.a(lib_a-svfscanf.o)
                0x0000000000111f08                __ssvfscanf_r
 .text.get_arg  0x0000000000114b40      0x66c c:/devkitpro/devkitarm/bin/../lib/gcc/arm-none-eabi/12.1.0/../../../../arm-none-eabi/lib/armv6k/fpu\libg.a(lib_a-vfprintf.o)
 *fill*         0x00000000001151ac        0x4 
 .text._vfprintf_r
                0x00000000001151b0     0x339c c:/devkitpro/devkitarm/bin/../lib/gcc/arm-none-eabi/12.1.0/../../../../arm-none-eabi/lib/armv6k/fpu\libg.a(lib_a-vfprintf.o)
                0x00000000001151b0                _vfprintf_r
 .text.__sbprintf
                0x000000000011854c       0xd0 c:/devkitpro/devkitarm/bin/../lib/gcc/arm-none-eabi/12.1.0/../../../../arm-none-eabi/lib/armv6k/fpu\libg.a(lib_a-vfprintf.o)
 .text._wcrtomb_r
                0x000000000011861c       0x54 c:/devkitpro/devkitarm/bin/../lib/gcc/arm-none-eabi/12.1.0/../../../../arm-none-eabi/lib/armv6k/fpu\libg.a(lib_a-wcrtomb.o)
                0x000000000011861c                _wcrtomb_r
 .text._wcsrtombs_r
                0x0000000000118670       0x28 c:/devkitpro/devkitarm/bin/../lib/gcc/arm-none-eabi/12.1.0/../../../../arm-none-eabi/lib/armv6k/fpu\libg.a(lib_a-wcsrtombs.o)
                0x0000000000118670                _wcsrtombs_r
 .text.__swsetup_r
                0x0000000000118698      0x13c c:/devkitpro/devkitarm/bin/../lib/gcc/arm-none-eabi/12.1.0/../../../../arm-none-eabi/lib/armv6k/fpu\libg.a(lib_a-wsetup.o)
                0x0000000000118698                __swsetup_r
 .text.__call_exitprocs
                0x00000000001187d4      0x114 c:/devkitpro/devkitarm/bin/../lib/gcc/arm-none-eabi/12.1.0/../../../../arm-none-eabi/lib/armv6k/fpu\libg.a(lib_a-__call_atexit.o)
                0x00000000001187d4                __call_exitprocs
 .text.quorem   0x00000000001188e8      0x1b0 c:/devkitpro/devkitarm/bin/../lib/gcc/arm-none-eabi/12.1.0/../../../../arm-none-eabi/lib/armv6k/fpu\libg.a(lib_a-dtoa.o)
 .text._dtoa_r  0x0000000000118a98     0x11f8 c:/devkitpro/devkitarm/bin/../lib/gcc/arm-none-eabi/12.1.0/../../../../arm-none-eabi/lib/armv6k/fpu\libg.a(lib_a-dtoa.o)
                0x0000000000118a98                _dtoa_r
 .text._fclose_r
                0x0000000000119c90      0x15c c:/devkitpro/devkitarm/bin/../lib/gcc/arm-none-eabi/12.1.0/../../../../arm-none-eabi/lib/armv6k/fpu\libg.a(lib_a-fclose.o)
                0x0000000000119c90                _fclose_r
 .text.iswspace
                0x0000000000119dec        0x8 c:/devkitpro/devkitarm/bin/../lib/gcc/arm-none-eabi/12.1.0/../../../../arm-none-eabi/lib/armv6k/fpu\libg.a(lib_a-iswspace.o)
                0x0000000000119dec                iswspace
 .text._localeconv_r
                0x0000000000119df4        0xc c:/devkitpro/devkitarm/bin/../lib/gcc/arm-none-eabi/12.1.0/../../../../arm-none-eabi/lib/armv6k/fpu\libg.a(lib_a-localeconv.o)
                0x0000000000119df4                _localeconv_r
 .text.__locale_mb_cur_max
                0x0000000000119e00       0x10 c:/devkitpro/devkitarm/bin/../lib/gcc/arm-none-eabi/12.1.0/../../../../arm-none-eabi/lib/armv6k/fpu\libg.a(lib_a-locale.o)
                0x0000000000119e00                __locale_mb_cur_max
 .text.__smakebuf_r
                0x0000000000119e10      0x138 c:/devkitpro/devkitarm/bin/../lib/gcc/arm-none-eabi/12.1.0/../../../../arm-none-eabi/lib/armv6k/fpu\libg.a(lib_a-makebuf.o)
                0x0000000000119e10                __smakebuf_r
 .text.__swhatbuf_r
                0x0000000000119f48       0x8c c:/devkitpro/devkitarm/bin/../lib/gcc/arm-none-eabi/12.1.0/../../../../arm-none-eabi/lib/armv6k/fpu\libg.a(lib_a-makebuf.o)
                0x0000000000119f48                __swhatbuf_r
 .text._mbrtowc_r
                0x0000000000119fd4       0x68 c:/devkitpro/devkitarm/bin/../lib/gcc/arm-none-eabi/12.1.0/../../../../arm-none-eabi/lib/armv6k/fpu\libg.a(lib_a-mbrtowc.o)
                0x0000000000119fd4                _mbrtowc_r
 .text.__utf8_mbtowc
                0x000000000011a03c      0x2f8 c:/devkitpro/devkitarm/bin/../lib/gcc/arm-none-eabi/12.1.0/../../../../arm-none-eabi/lib/armv6k/fpu\libg.a(lib_a-mbtowc_r.o)
                0x000000000011a03c                __utf8_mbtowc
 .text._Balloc  0x000000000011a334       0x88 c:/devkitpro/devkitarm/bin/../lib/gcc/arm-none-eabi/12.1.0/../../../../arm-none-eabi/lib/armv6k/fpu\libg.a(lib_a-mprec.o)
                0x000000000011a334                _Balloc
 .text._Bfree   0x000000000011a3bc       0x1c c:/devkitpro/devkitarm/bin/../lib/gcc/arm-none-eabi/12.1.0/../../../../arm-none-eabi/lib/armv6k/fpu\libg.a(lib_a-mprec.o)
                0x000000000011a3bc                _Bfree
 .text.__multadd
                0x000000000011a3d8       0xf4 c:/devkitpro/devkitarm/bin/../lib/gcc/arm-none-eabi/12.1.0/../../../../arm-none-eabi/lib/armv6k/fpu\libg.a(lib_a-mprec.o)
                0x000000000011a3d8                __multadd
 .text.__s2b    0x000000000011a4cc      0x110 c:/devkitpro/devkitarm/bin/../lib/gcc/arm-none-eabi/12.1.0/../../../../arm-none-eabi/lib/armv6k/fpu\libg.a(lib_a-mprec.o)
                0x000000000011a4cc                __s2b
 .text.__hi0bits
                0x000000000011a5dc       0x60 c:/devkitpro/devkitarm/bin/../lib/gcc/arm-none-eabi/12.1.0/../../../../arm-none-eabi/lib/armv6k/fpu\libg.a(lib_a-mprec.o)
                0x000000000011a5dc                __hi0bits
 .text.__lo0bits
                0x000000000011a63c       0x9c c:/devkitpro/devkitarm/bin/../lib/gcc/arm-none-eabi/12.1.0/../../../../arm-none-eabi/lib/armv6k/fpu\libg.a(lib_a-mprec.o)
                0x000000000011a63c                __lo0bits
 .text.__i2b    0x000000000011a6d8       0xa8 c:/devkitpro/devkitarm/bin/../lib/gcc/arm-none-eabi/12.1.0/../../../../arm-none-eabi/lib/armv6k/fpu\libg.a(lib_a-mprec.o)
                0x000000000011a6d8                __i2b
 .text.__multiply
                0x000000000011a780      0x204 c:/devkitpro/devkitarm/bin/../lib/gcc/arm-none-eabi/12.1.0/../../../../arm-none-eabi/lib/armv6k/fpu\libg.a(lib_a-mprec.o)
                0x000000000011a780                __multiply
 .text.__pow5mult
                0x000000000011a984      0x124 c:/devkitpro/devkitarm/bin/../lib/gcc/arm-none-eabi/12.1.0/../../../../arm-none-eabi/lib/armv6k/fpu\libg.a(lib_a-mprec.o)
                0x000000000011a984                __pow5mult
 .text.__lshift
                0x000000000011aaa8      0x140 c:/devkitpro/devkitarm/bin/../lib/gcc/arm-none-eabi/12.1.0/../../../../arm-none-eabi/lib/armv6k/fpu\libg.a(lib_a-mprec.o)
                0x000000000011aaa8                __lshift
 .text.__mcmp   0x000000000011abe8       0x58 c:/devkitpro/devkitarm/bin/../lib/gcc/arm-none-eabi/12.1.0/../../../../arm-none-eabi/lib/armv6k/fpu\libg.a(lib_a-mprec.o)
                0x000000000011abe8                __mcmp
 .text.__mdiff  0x000000000011ac40      0x1ec c:/devkitpro/devkitarm/bin/../lib/gcc/arm-none-eabi/12.1.0/../../../../arm-none-eabi/lib/armv6k/fpu\libg.a(lib_a-mprec.o)
                0x000000000011ac40                __mdiff
 .text.__ulp    0x000000000011ae2c       0x68 c:/devkitpro/devkitarm/bin/../lib/gcc/arm-none-eabi/12.1.0/../../../../arm-none-eabi/lib/armv6k/fpu\libg.a(lib_a-mprec.o)
                0x000000000011ae2c                __ulp
 .text.__b2d    0x000000000011ae94       0xd0 c:/devkitpro/devkitarm/bin/../lib/gcc/arm-none-eabi/12.1.0/../../../../arm-none-eabi/lib/armv6k/fpu\libg.a(lib_a-mprec.o)
                0x000000000011ae94                __b2d
 .text.__d2b    0x000000000011af64      0x120 c:/devkitpro/devkitarm/bin/../lib/gcc/arm-none-eabi/12.1.0/../../../../arm-none-eabi/lib/armv6k/fpu\libg.a(lib_a-mprec.o)
                0x000000000011af64                __d2b
 .text.__ratio  0x000000000011b084       0x78 c:/devkitpro/devkitarm/bin/../lib/gcc/arm-none-eabi/12.1.0/../../../../arm-none-eabi/lib/armv6k/fpu\libg.a(lib_a-mprec.o)
                0x000000000011b084                __ratio
 .text.__copybits
                0x000000000011b0fc       0x88 c:/devkitpro/devkitarm/bin/../lib/gcc/arm-none-eabi/12.1.0/../../../../arm-none-eabi/lib/armv6k/fpu\libg.a(lib_a-mprec.o)
                0x000000000011b0fc                __copybits
 .text.__any_on
                0x000000000011b184       0x5c c:/devkitpro/devkitarm/bin/../lib/gcc/arm-none-eabi/12.1.0/../../../../arm-none-eabi/lib/armv6k/fpu\libg.a(lib_a-mprec.o)
                0x000000000011b184                __any_on
 .text.realloc  0x000000000011b1e0       0x20 c:/devkitpro/devkitarm/bin/../lib/gcc/arm-none-eabi/12.1.0/../../../../arm-none-eabi/lib/armv6k/fpu\libg.a(lib_a-realloc.o)
                0x000000000011b1e0                realloc
 .text._realloc_r
                0x000000000011b200      0x4a0 c:/devkitpro/devkitarm/bin/../lib/gcc/arm-none-eabi/12.1.0/../../../../arm-none-eabi/lib/armv6k/fpu\libg.a(lib_a-reallocr.o)
                0x000000000011b200                _realloc_r
 .text.__sccl   0x000000000011b6a0       0xf4 c:/devkitpro/devkitarm/bin/../lib/gcc/arm-none-eabi/12.1.0/../../../../arm-none-eabi/lib/armv6k/fpu\libg.a(lib_a-sccl.o)
                0x000000000011b6a0                __sccl
 .text.nanf     0x000000000011b794        0xc c:/devkitpro/devkitarm/bin/../lib/gcc/arm-none-eabi/12.1.0/../../../../arm-none-eabi/lib/armv6k/fpu\libg.a(lib_a-sf_nan.o)
                0x000000000011b794                nanf
 .text.frexp    0x000000000011b7a0       0x88 c:/devkitpro/devkitarm/bin/../lib/gcc/arm-none-eabi/12.1.0/../../../../arm-none-eabi/lib/armv6k/fpu\libg.a(lib_a-s_frexp.o)
                0x000000000011b7a0                frexp
 .text.sprintf  0x000000000011b828       0x64 c:/devkitpro/devkitarm/bin/../lib/gcc/arm-none-eabi/12.1.0/../../../../arm-none-eabi/lib/armv6k/fpu\libg.a(lib_a-sprintf.o)
                0x000000000011b828                sprintf
 .text.stpncpy  0x000000000011b88c       0xcc c:/devkitpro/devkitarm/bin/../lib/gcc/arm-none-eabi/12.1.0/../../../../arm-none-eabi/lib/armv6k/fpu\libg.a(lib_a-stpncpy.o)
                0x000000000011b88c                stpncpy
 .text.strchr   0x000000000011b958      0x130 c:/devkitpro/devkitarm/bin/../lib/gcc/arm-none-eabi/12.1.0/../../../../arm-none-eabi/lib/armv6k/fpu\libg.a(lib_a-strchr.o)
                0x000000000011b958                strchr
 .text.sulp     0x000000000011ba88       0x64 c:/devkitpro/devkitarm/bin/../lib/gcc/arm-none-eabi/12.1.0/../../../../arm-none-eabi/lib/armv6k/fpu\libg.a(lib_a-strtod.o)
 *fill*         0x000000000011baec        0x4 
 .text._strtod_l
                0x000000000011baf0     0x13a8 c:/devkitpro/devkitarm/bin/../lib/gcc/arm-none-eabi/12.1.0/../../../../arm-none-eabi/lib/armv6k/fpu\libg.a(lib_a-strtod.o)
                0x000000000011baf0                _strtod_l
 .text._strtod_r
                0x000000000011ce98        0xc c:/devkitpro/devkitarm/bin/../lib/gcc/arm-none-eabi/12.1.0/../../../../arm-none-eabi/lib/armv6k/fpu\libg.a(lib_a-strtod.o)
                0x000000000011ce98                _strtod_r
 .text._strtoll_l.constprop.0
                0x000000000011cea4      0x22c c:/devkitpro/devkitarm/bin/../lib/gcc/arm-none-eabi/12.1.0/../../../../arm-none-eabi/lib/armv6k/fpu\libg.a(lib_a-strtoll.o)
 .text._strtoll_r
                0x000000000011d0d0        0x4 c:/devkitpro/devkitarm/bin/../lib/gcc/arm-none-eabi/12.1.0/../../../../arm-none-eabi/lib/armv6k/fpu\libg.a(lib_a-strtoll.o)
                0x000000000011d0d0                _strtoll_r
 .text._strtol_l.part.0
                0x000000000011d0d4      0x1a4 c:/devkitpro/devkitarm/bin/../lib/gcc/arm-none-eabi/12.1.0/../../../../arm-none-eabi/lib/armv6k/fpu\libg.a(lib_a-strtol.o)
 .text._strtol_r
                0x000000000011d278       0x3c c:/devkitpro/devkitarm/bin/../lib/gcc/arm-none-eabi/12.1.0/../../../../arm-none-eabi/lib/armv6k/fpu\libg.a(lib_a-strtol.o)
                0x000000000011d278                _strtol_r
 .text._strtoull_l.constprop.0
                0x000000000011d2b4      0x244 c:/devkitpro/devkitarm/bin/../lib/gcc/arm-none-eabi/12.1.0/../../../../arm-none-eabi/lib/armv6k/fpu\libg.a(lib_a-strtoull.o)
 .text._strtoull_r
                0x000000000011d4f8        0x4 c:/devkitpro/devkitarm/bin/../lib/gcc/arm-none-eabi/12.1.0/../../../../arm-none-eabi/lib/armv6k/fpu\libg.a(lib_a-strtoull.o)
                0x000000000011d4f8                _strtoull_r
 .text.__ssprint_r
                0x000000000011d4fc      0x188 c:/devkitpro/devkitarm/bin/../lib/gcc/arm-none-eabi/12.1.0/../../../../arm-none-eabi/lib/armv6k/fpu\libg.a(lib_a-svfiprintf.o)
                0x000000000011d4fc                __ssprint_r
 .text._sungetc_r
                0x000000000011d684       0xd4 c:/devkitpro/devkitarm/bin/../lib/gcc/arm-none-eabi/12.1.0/../../../../arm-none-eabi/lib/armv6k/fpu\libg.a(lib_a-svfiscanf.o)
                0x000000000011d684                _sungetc_r
 .text.__ssrefill_r
                0x000000000011d758       0x6c c:/devkitpro/devkitarm/bin/../lib/gcc/arm-none-eabi/12.1.0/../../../../arm-none-eabi/lib/armv6k/fpu\libg.a(lib_a-svfiscanf.o)
                0x000000000011d758                __ssrefill_r
 .text._sfread_r
                0x000000000011d7c4       0xc4 c:/devkitpro/devkitarm/bin/../lib/gcc/arm-none-eabi/12.1.0/../../../../arm-none-eabi/lib/armv6k/fpu\libg.a(lib_a-svfiscanf.o)
                0x000000000011d7c4                _sfread_r
 .text.get_arg  0x000000000011d888      0x66c c:/devkitpro/devkitarm/bin/../lib/gcc/arm-none-eabi/12.1.0/../../../../arm-none-eabi/lib/armv6k/fpu\libg.a(lib_a-svfprintf.o)
 *fill*         0x000000000011def4        0x4 
 .text._svfprintf_r
                0x000000000011def8     0x3334 c:/devkitpro/devkitarm/bin/../lib/gcc/arm-none-eabi/12.1.0/../../../../arm-none-eabi/lib/armv6k/fpu\libg.a(lib_a-svfprintf.o)
                0x000000000011def8                _svfprintf_r
 .text.__submore
                0x000000000012122c       0xa8 c:/devkitpro/devkitarm/bin/../lib/gcc/arm-none-eabi/12.1.0/../../../../arm-none-eabi/lib/armv6k/fpu\libg.a(lib_a-ungetc.o)
                0x000000000012122c                __submore
 .text.get_arg  0x00000000001212d4      0x66c c:/devkitpro/devkitarm/bin/../lib/gcc/arm-none-eabi/12.1.0/../../../../arm-none-eabi/lib/armv6k/fpu\libg.a(lib_a-vfiprintf.o)
 .text.__sprint_r
                0x0000000000121940       0x30 c:/devkitpro/devkitarm/bin/../lib/gcc/arm-none-eabi/12.1.0/../../../../arm-none-eabi/lib/armv6k/fpu\libg.a(lib_a-vfiprintf.o)
                0x0000000000121940                __sprint_r
 .text._vfiprintf_r
                0x0000000000121970     0x22ec c:/devkitpro/devkitarm/bin/../lib/gcc/arm-none-eabi/12.1.0/../../../../arm-none-eabi/lib/armv6k/fpu\libg.a(lib_a-vfiprintf.o)
                0x0000000000121970                _vfiprintf_r
 .text.__sbprintf
                0x0000000000123c5c       0xd0 c:/devkitpro/devkitarm/bin/../lib/gcc/arm-none-eabi/12.1.0/../../../../arm-none-eabi/lib/armv6k/fpu\libg.a(lib_a-vfiprintf.o)
 .text._wcsnrtombs_l
                0x0000000000123d2c      0x188 c:/devkitpro/devkitarm/bin/../lib/gcc/arm-none-eabi/12.1.0/../../../../arm-none-eabi/lib/armv6k/fpu\libg.a(lib_a-wcsnrtombs.o)
                0x0000000000123d2c                _wcsnrtombs_l
 .text._wcsnrtombs_r
                0x0000000000123eb4       0x4c c:/devkitpro/devkitarm/bin/../lib/gcc/arm-none-eabi/12.1.0/../../../../arm-none-eabi/lib/armv6k/fpu\libg.a(lib_a-wcsnrtombs.o)
                0x0000000000123eb4                _wcsnrtombs_r
 .text.__utf8_wctomb
                0x0000000000123f00       0xf0 c:/devkitpro/devkitarm/bin/../lib/gcc/arm-none-eabi/12.1.0/../../../../arm-none-eabi/lib/armv6k/fpu\libg.a(lib_a-wctomb_r.o)
                0x0000000000123f00                __utf8_wctomb
 .text.__assert_func
                0x0000000000123ff0       0x5c c:/devkitpro/devkitarm/bin/../lib/gcc/arm-none-eabi/12.1.0/../../../../arm-none-eabi/lib/armv6k/fpu\libg.a(lib_a-assert.o)
                0x0000000000123ff0                __assert_func
 .text.fiprintf
                0x000000000012404c       0x3c c:/devkitpro/devkitarm/bin/../lib/gcc/arm-none-eabi/12.1.0/../../../../arm-none-eabi/lib/armv6k/fpu\libg.a(lib_a-fiprintf.o)
                0x000000000012404c                fiprintf
 .text.__sfvwrite_r
                0x0000000000124088      0x4b4 c:/devkitpro/devkitarm/bin/../lib/gcc/arm-none-eabi/12.1.0/../../../../arm-none-eabi/lib/armv6k/fpu\libg.a(lib_a-fvwrite.o)
                0x0000000000124088                __sfvwrite_r
 .text.rshift   0x000000000012453c       0xf0 c:/devkitpro/devkitarm/bin/../lib/gcc/arm-none-eabi/12.1.0/../../../../arm-none-eabi/lib/armv6k/fpu\libg.a(lib_a-gdtoa-gethex.o)
 .text.__gethex
                0x000000000012462c      0x814 c:/devkitpro/devkitarm/bin/../lib/gcc/arm-none-eabi/12.1.0/../../../../arm-none-eabi/lib/armv6k/fpu\libg.a(lib_a-gdtoa-gethex.o)
                0x000000000012462c                __gethex
 .text.__match  0x0000000000124e40       0x4c c:/devkitpro/devkitarm/bin/../lib/gcc/arm-none-eabi/12.1.0/../../../../arm-none-eabi/lib/armv6k/fpu\libg.a(lib_a-gdtoa-hexnan.o)
                0x0000000000124e40                __match
 .text.__hexnan
                0x0000000000124e8c      0x29c c:/devkitpro/devkitarm/bin/../lib/gcc/arm-none-eabi/12.1.0/../../../../arm-none-eabi/lib/armv6k/fpu\libg.a(lib_a-gdtoa-hexnan.o)
                0x0000000000124e8c                __hexnan
 .text.iswspace_l
                0x0000000000125128       0x3c c:/devkitpro/devkitarm/bin/../lib/gcc/arm-none-eabi/12.1.0/../../../../arm-none-eabi/lib/armv6k/fpu\libg.a(lib_a-iswspace_l.o)
                0x0000000000125128                iswspace_l
 .text.__jp2uc  0x0000000000125164      0x1d8 c:/devkitpro/devkitarm/bin/../lib/gcc/arm-none-eabi/12.1.0/../../../../arm-none-eabi/lib/armv6k/fpu\libg.a(lib_a-jp2uc.o)
 .text._jp2uc_l
                0x000000000012533c       0x9c c:/devkitpro/devkitarm/bin/../lib/gcc/arm-none-eabi/12.1.0/../../../../arm-none-eabi/lib/armv6k/fpu\libg.a(lib_a-jp2uc.o)
                0x000000000012533c                _jp2uc_l
 .text.memmove  0x00000000001253d8      0x150 c:/devkitpro/devkitarm/bin/../lib/gcc/arm-none-eabi/12.1.0/../../../../arm-none-eabi/lib/armv6k/fpu\libg.a(lib_a-memmove.o)
                0x00000000001253d8                memmove
 .text.nan      0x0000000000125528       0x10 c:/devkitpro/devkitarm/bin/../lib/gcc/arm-none-eabi/12.1.0/../../../../arm-none-eabi/lib/armv6k/fpu\libg.a(lib_a-s_nan.o)
                0x0000000000125528                nan
 .text.abort    0x0000000000125538       0x14 c:/devkitpro/devkitarm/bin/../lib/gcc/arm-none-eabi/12.1.0/../../../../arm-none-eabi/lib/armv6k/fpu\libg.a(lib_a-abort.o)
                0x0000000000125538                abort
 .text.category
                0x000000000012554c       0x8c c:/devkitpro/devkitarm/bin/../lib/gcc/arm-none-eabi/12.1.0/../../../../arm-none-eabi/lib/armv6k/fpu\libg.a(lib_a-categories.o)
                0x000000000012554c                category
 .text._raise_r
                0x00000000001255d8       0x90 c:/devkitpro/devkitarm/bin/../lib/gcc/arm-none-eabi/12.1.0/../../../../arm-none-eabi/lib/armv6k/fpu\libg.a(lib_a-signal.o)
                0x00000000001255d8                _raise_r
 .text.raise    0x0000000000125668       0x18 c:/devkitpro/devkitarm/bin/../lib/gcc/arm-none-eabi/12.1.0/../../../../arm-none-eabi/lib/armv6k/fpu\libg.a(lib_a-signal.o)
                0x0000000000125668                raise
 .text.null_write
                0x0000000000125680        0x8 c:/devkitpro/devkitarm/bin/../lib/gcc/arm-none-eabi/12.1.0/../../../../arm-none-eabi/lib/armv6k/fpu\libsysbase.a(iosupport.o)
 .text.setDefaultDevice
                0x0000000000125688       0x18 c:/devkitpro/devkitarm/bin/../lib/gcc/arm-none-eabi/12.1.0/../../../../arm-none-eabi/lib/armv6k/fpu\libsysbase.a(iosupport.o)
                0x0000000000125688                setDefaultDevice
 .text.FindDevice
                0x00000000001256a0       0xc8 c:/devkitpro/devkitarm/bin/../lib/gcc/arm-none-eabi/12.1.0/../../../../arm-none-eabi/lib/armv6k/fpu\libsysbase.a(iosupport.o)
                0x00000000001256a0                FindDevice
 .text.RemoveDevice
                0x0000000000125768       0x28 c:/devkitpro/devkitarm/bin/../lib/gcc/arm-none-eabi/12.1.0/../../../../arm-none-eabi/lib/armv6k/fpu\libsysbase.a(iosupport.o)
                0x0000000000125768                RemoveDevice
 .text.AddDevice
                0x0000000000125790       0x9c c:/devkitpro/devkitarm/bin/../lib/gcc/arm-none-eabi/12.1.0/../../../../arm-none-eabi/lib/armv6k/fpu\libsysbase.a(iosupport.o)
                0x0000000000125790                AddDevice
 .text.GetDeviceOpTab